Product: MDK-ARM Standard 5.10
Component: ARM Compiler 5.04 update 1 (build 49)
Tool: armlink [5040049]

==============================================================================

Section Cross References

    system_stm32f1xx.o(i.SystemCoreClockUpdate) refers to system_stm32f1xx.o(.data) for .data
    system_stm32f1xx.o(i.SystemCoreClockUpdate) refers to system_stm32f1xx.o(.constdata) for .constdata
    startup_stm32f103xb.o(RESET) refers to startup_stm32f103xb.o(STACK) for __initial_sp
    startup_stm32f103xb.o(RESET) refers to startup_stm32f103xb.o(.text) for Reset_Handler
    startup_stm32f103xb.o(RESET) refers to stm32f1xx_it.o(i.NMI_Handler) for NMI_Handler
    startup_stm32f103xb.o(RESET) refers to stm32f1xx_it.o(i.HardFault_Handler) for HardFault_Handler
    startup_stm32f103xb.o(RESET) refers to stm32f1xx_it.o(i.MemManage_Handler) for MemManage_Handler
    startup_stm32f103xb.o(RESET) refers to stm32f1xx_it.o(i.BusFault_Handler) for BusFault_Handler
    startup_stm32f103xb.o(RESET) refers to stm32f1xx_it.o(i.UsageFault_Handler) for UsageFault_Handler
    startup_stm32f103xb.o(RESET) refers to stm32f1xx_it.o(i.DebugMon_Handler) for DebugMon_Handler
    startup_stm32f103xb.o(RESET) refers to stm32f1xx_it.o(i.SysTick_Handler) for SysTick_Handler
    startup_stm32f103xb.o(RESET) refers to stm32f1xx_it.o(i.TIM3_IRQHandler) for TIM3_IRQHandler
    startup_stm32f103xb.o(RESET) refers to stm32f1xx_it.o(i.USART1_IRQHandler) for USART1_IRQHandler
    startup_stm32f103xb.o(RESET) refers to stm32f1xx_it.o(i.USART2_IRQHandler) for USART2_IRQHandler
    startup_stm32f103xb.o(.text) refers to system_stm32f1xx.o(i.SystemInit) for SystemInit
    startup_stm32f103xb.o(.text) refers to entry.o(.ARM.Collect$$$$00000000) for __main
    stm32f1xx_hal_msp.o(i.HAL_I2C_MspDeInit) refers to stm32f1xx_hal_gpio.o(i.HAL_GPIO_DeInit) for HAL_GPIO_DeInit
    stm32f1xx_hal_msp.o(i.HAL_I2C_MspInit) refers to stm32f1xx_hal_gpio.o(i.HAL_GPIO_Init) for HAL_GPIO_Init
    stm32f1xx_hal_msp.o(i.HAL_MspInit) refers to stm32f1xx_hal_cortex.o(i.HAL_NVIC_SetPriorityGrouping) for HAL_NVIC_SetPriorityGrouping
    stm32f1xx_hal_msp.o(i.HAL_MspInit) refers to stm32f1xx_hal_cortex.o(i.HAL_NVIC_SetPriority) for HAL_NVIC_SetPriority
    stm32f1xx_hal_msp.o(i.HAL_SPI_MspDeInit) refers to stm32f1xx_hal_gpio.o(i.HAL_GPIO_DeInit) for HAL_GPIO_DeInit
    stm32f1xx_hal_msp.o(i.HAL_SPI_MspInit) refers to stm32f1xx_hal_gpio.o(i.HAL_GPIO_Init) for HAL_GPIO_Init
    stm32f1xx_hal_msp.o(i.HAL_TIM_Base_MspDeInit) refers to stm32f1xx_hal_cortex.o(i.HAL_NVIC_DisableIRQ) for HAL_NVIC_DisableIRQ
    stm32f1xx_hal_msp.o(i.HAL_TIM_Base_MspInit) refers to stm32f1xx_hal_cortex.o(i.HAL_NVIC_SetPriority) for HAL_NVIC_SetPriority
    stm32f1xx_hal_msp.o(i.HAL_TIM_Base_MspInit) refers to stm32f1xx_hal_cortex.o(i.HAL_NVIC_EnableIRQ) for HAL_NVIC_EnableIRQ
    stm32f1xx_hal_msp.o(i.HAL_UART_MspDeInit) refers to stm32f1xx_hal_gpio.o(i.HAL_GPIO_DeInit) for HAL_GPIO_DeInit
    stm32f1xx_hal_msp.o(i.HAL_UART_MspDeInit) refers to stm32f1xx_hal_cortex.o(i.HAL_NVIC_DisableIRQ) for HAL_NVIC_DisableIRQ
    stm32f1xx_hal_msp.o(i.HAL_UART_MspInit) refers to stm32f1xx_hal_gpio.o(i.HAL_GPIO_Init) for HAL_GPIO_Init
    stm32f1xx_hal_msp.o(i.HAL_UART_MspInit) refers to stm32f1xx_hal_cortex.o(i.HAL_NVIC_SetPriority) for HAL_NVIC_SetPriority
    stm32f1xx_hal_msp.o(i.HAL_UART_MspInit) refers to stm32f1xx_hal_cortex.o(i.HAL_NVIC_EnableIRQ) for HAL_NVIC_EnableIRQ
    main.o(i.BME280_READ_DATA) refers to bme280.o(i.bme280_get_sensor_data) for bme280_get_sensor_data
    main.o(i.BME280_SETTING) refers to bme280.o(i.bme280_set_sensor_settings) for bme280_set_sensor_settings
    main.o(i.BME280_SETTING) refers to bme280.o(i.bme280_set_sensor_mode) for bme280_set_sensor_mode
    main.o(i.BME280_SETTING_FORCE_MODE) refers to bme280.o(i.bme280_set_sensor_settings) for bme280_set_sensor_settings
    main.o(i.BME280_SETTING_FORCE_MODE) refers to bme280.o(i.bme280_cal_meas_delay) for bme280_cal_meas_delay
    main.o(i.BME280_UINIT) refers to bme280.o(i.bme280_init) for bme280_init
    main.o(i.BME280_UINIT) refers to main.o(i.USER_READ) for USER_READ
    main.o(i.BME280_UINIT) refers to main.o(i.USER_WRITE) for USER_WRITE
    main.o(i.BME280_UINIT) refers to main.o(i.USER_DELAY) for USER_DELAY
    main.o(i.ESP_RESET) refers to stm32f1xx_hal_gpio.o(i.HAL_GPIO_WritePin) for HAL_GPIO_WritePin
    main.o(i.ESP_RESET) refers to stm32f1xx_hal.o(i.HAL_Delay) for HAL_Delay
    main.o(i.FLAG_UPDATE_STATUS) refers to main.o(.bss) for .bss
    main.o(i.FLAG_UPDATE_STATUS) refers to main.o(.data) for .data
    main.o(i.HAL_TIM_PeriodElapsedCallback) refers to main.o(.bss) for .bss
    main.o(i.HAL_UART_RxCpltCallback) refers to memseta.o(.text) for __aeabi_memclr4
    main.o(i.HAL_UART_RxCpltCallback) refers to stm32f1xx_hal_gpio.o(i.HAL_GPIO_WritePin) for HAL_GPIO_WritePin
    main.o(i.HAL_UART_RxCpltCallback) refers to stm32f1xx_hal_gpio.o(i.HAL_GPIO_TogglePin) for HAL_GPIO_TogglePin
[...]
    Removing stm32f1xx_hal_dma.o(i.HAL_DMA_Start_IT), (88 bytes).
    Removing stm32f1xx_hal_spi_ex.o(.rev16_text), (4 bytes).
    Removing stm32f1xx_hal_spi_ex.o(.revsh_text), (4 bytes).
    Removing stm32f1xx_hal_spi_ex.o(.rrx_text), (6 bytes).
    Removing stm32f1xx_hal_spi_ex.o(i.SPI_ISCRCErrorValid), (4 bytes).
    Removing stm32f1xx_hal.o(.rev16_text), (4 bytes).
    Removing stm32f1xx_hal.o(.revsh_text), (4 bytes).
    Removing stm32f1xx_hal.o(.rrx_text), (6 bytes).
    Removing stm32f1xx_hal.o(i.HAL_DBGMCU_DisableDBGSleepMode), (16 bytes).
    Removing stm32f1xx_hal.o(i.HAL_DBGMCU_DisableDBGStandbyMode), (16 bytes).
    Removing stm32f1xx_hal.o(i.HAL_DBGMCU_DisableDBGStopMode), (16 bytes).
    Removing stm32f1xx_hal.o(i.HAL_DBGMCU_EnableDBGSleepMode), (16 bytes).
    Removing stm32f1xx_hal.o(i.HAL_DBGMCU_EnableDBGStandbyMode), (16 bytes).
    Removing stm32f1xx_hal.o(i.HAL_DBGMCU_EnableDBGStopMode), (16 bytes).
    Removing stm32f1xx_hal.o(i.HAL_DeInit), (32 bytes).
    Removing stm32f1xx_hal.o(i.HAL_GetDEVID), (16 bytes).
    Removing stm32f1xx_hal.o(i.HAL_GetHalVersion), (8 bytes).
    Removing stm32f1xx_hal.o(i.HAL_GetREVID), (28 bytes).
    Removing stm32f1xx_hal.o(i.HAL_MspDeInit), (2 bytes).
    Removing stm32f1xx_hal.o(i.HAL_MspInit), (2 bytes).
    Removing stm32f1xx_hal.o(i.HAL_ResumeTick), (14 bytes).
    Removing stm32f1xx_hal.o(i.HAL_SuspendTick), (14 bytes).
    Removing stm32f1xx_hal_uart.o(.rev16_text), (4 bytes).
    Removing stm32f1xx_hal_uart.o(.revsh_text), (4 bytes).
    Removing stm32f1xx_hal_uart.o(.rrx_text), (6 bytes).
    Removing stm32f1xx_hal_uart.o(i.HAL_HalfDuplex_EnableReceiver), (46 bytes).
    Removing stm32f1xx_hal_uart.o(i.HAL_HalfDuplex_EnableTransmitter), (48 bytes).
    Removing stm32f1xx_hal_uart.o(i.HAL_HalfDuplex_Init), (104 bytes).
    Removing stm32f1xx_hal_uart.o(i.HAL_LIN_Init), (118 bytes).
    Removing stm32f1xx_hal_uart.o(i.HAL_LIN_SendBreak), (44 bytes).
    Removing stm32f1xx_hal_uart.o(i.HAL_MultiProcessor_EnterMuteMode), (44 bytes).
    Removing stm32f1xx_hal_uart.o(i.HAL_MultiProcessor_ExitMuteMode), (44 bytes).
    Removing stm32f1xx_hal_uart.o(i.HAL_MultiProcessor_Init), (126 bytes).
    Removing stm32f1xx_hal_uart.o(i.HAL_UART_DMAPause), (90 bytes).
    Removing stm32f1xx_hal_uart.o(i.HAL_UART_DMAResume), (104 bytes).
    Removing stm32f1xx_hal_uart.o(i.HAL_UART_DMAStop), (40 bytes).
    Removing stm32f1xx_hal_uart.o(i.HAL_UART_DeInit), (60 bytes).
    Removing stm32f1xx_hal_uart.o(i.HAL_UART_GetError), (4 bytes).
    Removing stm32f1xx_hal_uart.o(i.HAL_UART_GetState), (6 bytes).
    Removing stm32f1xx_hal_uart.o(i.HAL_UART_MspDeInit), (2 bytes).
    Removing stm32f1xx_hal_uart.o(i.HAL_UART_MspInit), (2 bytes).
    Removing stm32f1xx_hal_uart.o(i.HAL_UART_Receive), (204 bytes).
    Removing stm32f1xx_hal_uart.o(i.HAL_UART_Receive_DMA), (136 bytes).
    Removing stm32f1xx_hal_uart.o(i.HAL_UART_RxCpltCallback), (2 bytes).
    Removing stm32f1xx_hal_uart.o(i.HAL_UART_RxHalfCpltCallback), (2 bytes).
    Removing stm32f1xx_hal_uart.o(i.HAL_UART_Transmit_DMA), (144 bytes).
    Removing stm32f1xx_hal_uart.o(i.HAL_UART_Transmit_IT), (86 bytes).
    Removing stm32f1xx_hal_uart.o(i.HAL_UART_TxHalfCpltCallback), (2 bytes).
    Removing stm32f1xx_hal_uart.o(i.UART_DMAError), (30 bytes).
    Removing stm32f1xx_hal_uart.o(i.UART_DMAReceiveCplt), (54 bytes).
    Removing stm32f1xx_hal_uart.o(i.UART_DMARxHalfCplt), (10 bytes).
    Removing stm32f1xx_hal_uart.o(i.UART_DMATransmitCplt), (46 bytes).
    Removing stm32f1xx_hal_uart.o(i.UART_DMATxHalfCplt), (10 bytes).
    Removing stm32f1xx_hal_gpio.o(.rev16_text), (4 bytes).
    Removing stm32f1xx_hal_gpio.o(.revsh_text), (4 bytes).
    Removing stm32f1xx_hal_gpio.o(.rrx_text), (6 bytes).
    Removing stm32f1xx_hal_gpio.o(i.HAL_GPIO_DeInit), (228 bytes).
    Removing stm32f1xx_hal_gpio.o(i.HAL_GPIO_EXTI_Callback), (2 bytes).
    Removing stm32f1xx_hal_gpio.o(i.HAL_GPIO_EXTI_IRQHandler), (24 bytes).
    Removing stm32f1xx_hal_gpio.o(i.HAL_GPIO_LockPin), (34 bytes).
    Removing stm32f1xx_hal_gpio.o(i.HAL_GPIO_ReadPin), (10 bytes).
    Removing stm32f1xx_hal_flash_ex.o(.rev16_text), (4 bytes).
    Removing stm32f1xx_hal_flash_ex.o(.revsh_text), (4 bytes).
    Removing stm32f1xx_hal_flash_ex.o(.rrx_text), (6 bytes).
    Removing stm32f1xx_hal_flash_ex.o(i.FLASH_MassErase), (36 bytes).
    Removing stm32f1xx_hal_flash_ex.o(i.FLASH_OB_DisableWRP), (176 bytes).
    Removing stm32f1xx_hal_flash_ex.o(i.FLASH_OB_EnableWRP), (176 bytes).
    Removing stm32f1xx_hal_flash_ex.o(i.FLASH_OB_GetRDP), (24 bytes).
    Removing stm32f1xx_hal_flash_ex.o(i.FLASH_OB_RDP_LevelConfig), (100 bytes).
    Removing stm32f1xx_hal_flash_ex.o(i.FLASH_PageErase), (36 bytes).
    Removing stm32f1xx_hal_flash_ex.o(i.HAL_FLASHEx_Erase), (168 bytes).
    Removing stm32f1xx_hal_flash_ex.o(i.HAL_FLASHEx_Erase_IT), (84 bytes).
    Removing stm32f1xx_hal_flash_ex.o(i.HAL_FLASHEx_OBErase), (84 bytes).
    Removing stm32f1xx_hal_flash_ex.o(i.HAL_FLASHEx_OBGetConfig), (48 bytes).
    Removing stm32f1xx_hal_flash_ex.o(i.HAL_FLASHEx_OBGetUserData), (48 bytes).
    Removing stm32f1xx_hal_flash_ex.o(i.HAL_FLASHEx_OBProgram), (200 bytes).
    Removing stm32f1xx_hal_rcc_ex.o(.rev16_text), (4 bytes).
    Removing stm32f1xx_hal_rcc_ex.o(.revsh_text), (4 bytes).
    Removing stm32f1xx_hal_rcc_ex.o(.rrx_text), (6 bytes).
    Removing stm32f1xx_hal_rcc_ex.o(i.HAL_RCCEx_GetPeriphCLKConfig), (44 bytes).
    Removing stm32f1xx_hal_rcc_ex.o(i.HAL_RCCEx_GetPeriphCLKFreq), (240 bytes).
    Removing stm32f1xx_hal_rcc_ex.o(i.HAL_RCCEx_PeriphCLKConfig), (296 bytes).
    Removing fmul.o(.text), (100 bytes).
    Removing ffixui.o(.text), (40 bytes).

425 unused section(s) (total 30509 bytes) removed from the image.

==============================================================================

Image Symbol Table

    Local Symbols

    Symbol Name                              Value     Ov Type        Size  Object(Section)

    ../Drivers/CMSIS/Device/ST/STM32F1xx/Source/Templates/system_stm32f1xx.c 0x00000000   Number         0  system_stm32f1xx.o ABSOLUTE
    ../Drivers/STM32F1xx_HAL_Driver/Src/stm32f1xx_hal.c 0x00000000   Number         0  stm32f1xx_hal.o ABSOLUTE
    ../Drivers/STM32F1xx_HAL_Driver/Src/stm32f1xx_hal_cortex.c 0x00000000   Number         0  stm32f1xx_hal_cortex.o ABSOLUTE
    ../Drivers/STM32F1xx_HAL_Driver/Src/stm32f1xx_hal_dma.c 0x00000000   Number         0  stm32f1xx_hal_dma.o ABSOLUTE
    ../Drivers/STM32F1xx_HAL_Driver/Src/stm32f1xx_hal_flash.c 0x00000000   Number         0  stm32f1xx_hal_flash.o ABSOLUTE
    ../Drivers/STM32F1xx_HAL_Driver/Src/stm32f1xx_hal_flash_ex.c 0x00000000   Number         0  stm32f1xx_hal_flash_ex.o ABSOLUTE
    ../Drivers/STM32F1xx_HAL_Driver/Src/stm32f1xx_hal_gpio.c 0x00000000   Number         0  stm32f1xx_hal_gpio.o ABSOLUTE
    ../Drivers/STM32F1xx_HAL_Driver/Src/stm32f1xx_hal_i2c.c 0x00000000   Number         0  stm32f1xx_hal_i2c.o ABSOLUTE
    ../Drivers/STM32F1xx_HAL_Driver/Src/stm32f1xx_hal_pwr.c 0x00000000   Number         0  stm32f1xx_hal_pwr.o ABSOLUTE
    ../Drivers/STM32F1xx_HAL_Driver/Src/stm32f1xx_hal_rcc.c 0x00000000   Number         0  stm32f1xx_hal_rcc.o ABSOLUTE
    ../Drivers/STM32F1xx_HAL_Driver/Src/stm32f1xx_hal_rcc_ex.c 0x00000000   Number         0  stm32f1xx_hal_rcc_ex.o ABSOLUTE
    ../Drivers/STM32F1xx_HAL_Driver/Src/stm32f1xx_hal_spi.c 0x00000000   Number         0  stm32f1xx_hal_spi.o ABSOLUTE
    ../Drivers/STM32F1xx_HAL_Driver/Src/stm32f1xx_hal_spi_ex.c 0x00000000   Number         0  stm32f1xx_hal_spi_ex.o ABSOLUTE
    ../Drivers/STM32F1xx_HAL_Driver/Src/stm32f1xx_hal_tim.c 0x00000000   Number         0  stm32f1xx_hal_tim.o ABSOLUTE
    ../Drivers/STM32F1xx_HAL_Driver/Src/stm32f1xx_hal_tim_ex.c 0x00000000   Number         0  stm32f1xx_hal_tim_ex.o ABSOLUTE
    ../Drivers/STM32F1xx_HAL_Driver/Src/stm32f1xx_hal_uart.c 0x00000000   Number         0  stm32f1xx_hal_uart.o ABSOLUTE
    ../Src/main.c                            0x00000000   Number         0  main.o ABSOLUTE
    ../Src/stm32f1xx_hal_msp.c               0x00000000   Number         0  stm32f1xx_hal_msp.o ABSOLUTE
    ../Src/stm32f1xx_it.c                    0x00000000   Number         0  stm32f1xx_it.o ABSOLUTE
    ../clib/microlib/division.c              0x00000000   Number         0  uldiv.o ABSOLUTE
    ../clib/microlib/division.c              0x00000000   Number         0  uidiv.o ABSOLUTE
    ../clib/microlib/init/entry.s            0x00000000   Number         0  entry.o ABSOLUTE
    ../clib/microlib/init/entry.s            0x00000000   Number         0  entry7b.o ABSOLUTE
    ../clib/microlib/init/entry.s            0x00000000   Number         0  entry9b.o ABSOLUTE
    ../clib/microlib/init/entry.s            0x00000000   Number         0  entry8a.o ABSOLUTE
    ../clib/microlib/init/entry.s            0x00000000   Number         0  entry10a.o ABSOLUTE
    ../clib/microlib/init/entry.s            0x00000000   Number         0  entry2.o ABSOLUTE
    ../clib/microlib/init/entry.s            0x00000000   Number         0  entry11a.o ABSOLUTE
    ../clib/microlib/init/entry.s            0x00000000   Number         0  entry9a.o ABSOLUTE
    ../clib/microlib/init/entry.s            0x00000000   Number         0  entry10b.o ABSOLUTE
    ../clib/microlib/init/entry.s            0x00000000   Number         0  entry11b.o ABSOLUTE
    ../clib/microlib/init/entry.s            0x00000000   Number         0  entry8b.o ABSOLUTE
    ../clib/microlib/init/entry.s            0x00000000   Number         0  entry5.o ABSOLUTE
    ../clib/microlib/init/entry.s            0x00000000   Number         0  entry7a.o ABSOLUTE
    ../clib/microlib/longlong.c              0x00000000   Number         0  llsshr.o ABSOLUTE
    ../clib/microlib/longlong.c              0x00000000   Number         0  llshl.o ABSOLUTE
    ../clib/microlib/longlong.c              0x00000000   Number         0  llushr.o ABSOLUTE
    ../clib/microlib/printf/printf.c         0x00000000   Number         0  printf3.o ABSOLUTE
    ../clib/microlib/printf/printf.c         0x00000000   Number         0  printf2.o ABSOLUTE
    ../clib/microlib/printf/printf.c         0x00000000   Number         0  printfb.o ABSOLUTE
    ../clib/microlib/printf/printf.c         0x00000000   Number         0  printf0.o ABSOLUTE
    ../clib/microlib/printf/printf.c         0x00000000   Number         0  printf1.o ABSOLUTE
    ../clib/microlib/printf/printf.c         0x00000000   Number         0  printf4.o ABSOLUTE
    ../clib/microlib/printf/printf.c         0x00000000   Number         0  printf5.o ABSOLUTE
    ../clib/microlib/printf/printf.c         0x00000000   Number         0  printf6.o ABSOLUTE
    ../clib/microlib/printf/printf.c         0x00000000   Number         0  printf7.o ABSOLUTE
    ../clib/microlib/printf/printf.c         0x00000000   Number         0  printf8.o ABSOLUTE
    ../clib/microlib/printf/printf.c         0x00000000   Number         0  printfa.o ABSOLUTE
    ../clib/microlib/printf/stubs.s          0x00000000   Number         0  stubs.o ABSOLUTE
    ../clib/microlib/stdio/streams.c         0x00000000   Number         0  stdout.o ABSOLUTE
    ../clib/microlib/string/memcpy.c         0x00000000   Number         0  memcpya.o ABSOLUTE
    ../clib/microlib/string/memcpy.c         0x00000000   Number         0  memcpyb.o ABSOLUTE
    ../clib/microlib/string/memset.c         0x00000000   Number         0  memseta.o ABSOLUTE
    ../clib/microlib/string/strcat.c         0x00000000   Number         0  strcat.o ABSOLUTE
    ../clib/microlib/stubs.s                 0x00000000   Number         0  iusefp.o ABSOLUTE
    ../fplib/microlib/d2f.c                  0x00000000   Number         0  d2f.o ABSOLUTE
    ../fplib/microlib/fpadd.c                0x00000000   Number         0  fadd.o ABSOLUTE
    ../fplib/microlib/fpadd.c                0x00000000   Number         0  dadd.o ABSOLUTE
    ../fplib/microlib/fpdiv.c                0x00000000   Number         0  ddiv.o ABSOLUTE
    ../fplib/microlib/fpdiv.c                0x00000000   Number         0  fdiv.o ABSOLUTE
    ../fplib/microlib/fpepilogue.c           0x00000000   Number         0  fepilogue.o ABSOLUTE
    ../fplib/microlib/fpepilogue.c           0x00000000   Number         0  depilogue.o ABSOLUTE
    ../fplib/microlib/fpfix.c                0x00000000   Number         0  dfixi.o ABSOLUTE
    ../fplib/microlib/fpfix.c                0x00000000   Number         0  ffixi.o ABSOLUTE
    ../fplib/microlib/fpfix.c                0x00000000   Number         0  dfixul.o ABSOLUTE
    ../fplib/microlib/fpfix.c                0x00000000   Number         0  ffixui.o ABSOLUTE
    ../fplib/microlib/fpflt.c                0x00000000   Number         0  fflti.o ABSOLUTE
    ../fplib/microlib/fpflt.c                0x00000000   Number         0  ffltui.o ABSOLUTE
    ../fplib/microlib/fpflt.c                0x00000000   Number         0  dflti.o ABSOLUTE
    ../fplib/microlib/fpflt.c                0x00000000   Number         0  dfltui.o ABSOLUTE
    ../fplib/microlib/fpmul.c                0x00000000   Number         0  fmul.o ABSOLUTE
    ../fplib/microlib/fpmul.c                0x00000000   Number         0  dmul.o ABSOLUTE
    ../fplib/microlib/fpscalb.c              0x00000000   Number         0  dscalb.o ABSOLUTE
    ..\Drivers\CMSIS\Device\ST\STM32F1xx\Source\Templates\system_stm32f1xx.c 0x00000000   Number         0  system_stm32f1xx.o ABSOLUTE
    ..\Drivers\STM32F1xx_HAL_Driver\Src\stm32f1xx_hal.c 0x00000000   Number         0  stm32f1xx_hal.o ABSOLUTE
    ..\Drivers\STM32F1xx_HAL_Driver\Src\stm32f1xx_hal_cortex.c 0x00000000   Number         0  stm32f1xx_hal_cortex.o ABSOLUTE
    ..\Drivers\STM32F1xx_HAL_Driver\Src\stm32f1xx_hal_dma.c 0x00000000   Number         0  stm32f1xx_hal_dma.o ABSOLUTE
    ..\Drivers\STM32F1xx_HAL_Driver\Src\stm32f1xx_hal_flash.c 0x00000000   Number         0  stm32f1xx_hal_flash.o ABSOLUTE
    ..\Drivers\STM32F1xx_HAL_Driver\Src\stm32f1xx_hal_flash_ex.c 0x00000000   Number         0  stm32f1xx_hal_flash_ex.o ABSOLUTE
    ..\Drivers\STM32F1xx_HAL_Driver\Src\stm32f1xx_hal_gpio.c 0x00000000   Number         0  stm32f1xx_hal_gpio.o ABSOLUTE
    ..\Drivers\STM32F1xx_HAL_Driver\Src\stm32f1xx_hal_i2c.c 0x00000000   Number         0  stm32f1xx_hal_i2c.o ABSOLUTE
    ..\Drivers\STM32F1xx_HAL_Driver\Src\stm32f1xx_hal_pwr.c 0x00000000   Number         0  stm32f1xx_hal_pwr.o ABSOLUTE
    ..\Drivers\STM32F1xx_HAL_Driver\Src\stm32f1xx_hal_rcc.c 0x00000000   Number         0  stm32f1xx_hal_rcc.o ABSOLUTE
    ..\Drivers\STM32F1xx_HAL_Driver\Src\stm32f1xx_hal_rcc_ex.c 0x00000000   Number         0  stm32f1xx_hal_rcc_ex.o ABSOLUTE
    ..\Drivers\STM32F1xx_HAL_Driver\Src\stm32f1xx_hal_spi.c 0x00000000   Number         0  stm32f1xx_hal_spi.o ABSOLUTE
    ..\Drivers\STM32F1xx_HAL_Driver\Src\stm32f1xx_hal_spi_ex.c 0x00000000   Number         0  stm32f1xx_hal_spi_ex.o ABSOLUTE
    ..\Drivers\STM32F1xx_HAL_Driver\Src\stm32f1xx_hal_tim.c 0x00000000   Number         0  stm32f1xx_hal_tim.o ABSOLUTE
    ..\Drivers\STM32F1xx_HAL_Driver\Src\stm32f1xx_hal_tim_ex.c 0x00000000   Number         0  stm32f1xx_hal_tim_ex.o ABSOLUTE
    ..\Drivers\STM32F1xx_HAL_Driver\Src\stm32f1xx_hal_uart.c 0x00000000   Number         0  stm32f1xx_hal_uart.o ABSOLUTE
    ..\Src\SDS011.c                          0x00000000   Number         0  sds011.o ABSOLUTE
    ..\Src\bme280.c                          0x00000000   Number         0  bme280.o ABSOLUTE
    ..\Src\main.c                            0x00000000   Number         0  main.o ABSOLUTE
    ..\Src\stm32f1xx_hal_msp.c               0x00000000   Number         0  stm32f1xx_hal_msp.o ABSOLUTE
    ..\Src\stm32f1xx_it.c                    0x00000000   Number         0  stm32f1xx_it.o ABSOLUTE
    ..\\Src\\SDS011.c                        0x00000000   Number         0  sds011.o ABSOLUTE
    cdcmple.s                                0x00000000   Number         0  cdcmple.o ABSOLUTE
    cdrcmple.s                               0x00000000   Number         0  cdrcmple.o ABSOLUTE
    dc.s                                     0x00000000   Number         0  dc.o ABSOLUTE
    handlers.s                               0x00000000   Number         0  handlers.o ABSOLUTE
    init.s                                   0x00000000   Number         0  init.o ABSOLUTE
    startup_stm32f103xb.s                    0x00000000   Number         0  startup_stm32f103xb.o ABSOLUTE
    RESET                                    0x08000000   Section      236  startup_stm32f103xb.o(RESET)
    .ARM.Collect$$$$00000000                 0x080000ec   Section        0  entry.o(.ARM.Collect$$$$00000000)
    .ARM.Collect$$$$00000001                 0x080000ec   Section        4  entry2.o(.ARM.Collect$$$$00000001)
    .ARM.Collect$$$$00000004                 0x080000f0   Section        4  entry5.o(.ARM.Collect$$$$00000004)
    .ARM.Collect$$$$00000008                 0x080000f4   Section        0  entry7b.o(.ARM.Collect$$$$00000008)
    .ARM.Collect$$$$0000000A                 0x080000f4   Section        0  entry8b.o(.ARM.Collect$$$$0000000A)
    .ARM.Collect$$$$0000000B                 0x080000f4   Section        8  entry9a.o(.ARM.Collect$$$$0000000B)
    .ARM.Collect$$$$0000000D                 0x080000fc   Section        0  entry10a.o(.ARM.Collect$$$$0000000D)
    .ARM.Collect$$$$0000000F                 0x080000fc   Section        0  entry11a.o(.ARM.Collect$$$$0000000F)
    .ARM.Collect$$$$00002712                 0x080000fc   Section        4  entry2.o(.ARM.Collect$$$$00002712)
    __lit__00000000                          0x080000fc   Data           4  entry2.o(.ARM.Collect$$$$00002712)
    .text                                    0x08000100   Section       36  startup_stm32f103xb.o(.text)
    .text                                    0x08000124   Section        0  llushr.o(.text)
    .text                                    0x08000144   Section        0  memcpya.o(.text)
    .text                                    0x08000168   Section        0  memseta.o(.text)
    .text                                    0x0800018c   Section        0  strcat.o(.text)
    .text                                    0x080001a4   Section        0  fadd.o(.text)
    .text                                    0x08000254   Section        0  fdiv.o(.text)
    .text                                    0x080002d0   Section        0  dadd.o(.text)
    .text                                    0x0800041e   Section        0  dmul.o(.text)
    .text                                    0x08000502   Section        0  ddiv.o(.text)
    .text                                    0x080005e0   Section        0  dscalb.o(.text)
    .text                                    0x0800060e   Section        0  fflti.o(.text)
    .text                                    0x08000620   Section        0  ffltui.o(.text)
    .text                                    0x0800062a   Section        0  dflti.o(.text)
    .text                                    0x0800064c   Section        0  dfltui.o(.text)
    .text                                    0x08000666   Section        0  ffixi.o(.text)
    .text                                    0x08000698   Section        0  dfixi.o(.text)
    .text                                    0x080006d8   Section       40  cdcmple.o(.text)
    .text                                    0x08000700   Section       40  cdrcmple.o(.text)
    .text                                    0x08000728   Section        0  d2f.o(.text)
    .text                                    0x08000760   Section        0  uidiv.o(.text)
    .text                                    0x0800078c   Section        0  uldiv.o(.text)
    .text                                    0x080007ee   Section        0  llshl.o(.text)
    .text                                    0x0800080c   Section        0  llsshr.o(.text)
    .text                                    0x08000830   Section        0  fepilogue.o(.text)
    .text                                    0x08000830   Section        0  iusefp.o(.text)
    .text                                    0x0800089e   Section        0  depilogue.o(.text)
    .text                                    0x08000954   Section        0  dfixul.o(.text)
    .text                                    0x08000984   Section       36  init.o(.text)
    i.BME280_READ_DATA                       0x080009a8   Section        0  main.o(i.BME280_READ_DATA)
    i.BME280_SETTING_FORCE_MODE              0x080009b2   Section        0  main.o(i.BME280_SETTING_FORCE_MODE)
    i.BME280_UINIT                           0x080009e8   Section        0  main.o(i.BME280_UINIT)
    i.BusFault_Handler                       0x08000a0c   Section        0  stm32f1xx_it.o(i.BusFault_Handler)
    i.DebugMon_Handler                       0x08000a0e   Section        0  stm32f1xx_it.o(i.DebugMon_Handler)
    i.ESP_RESET                              0x08000a10   Section        0  main.o(i.ESP_RESET)
    i.FLAG_UPDATE_STATUS                     0x08000a3c   Section        0  main.o(i.FLAG_UPDATE_STATUS)
    i.HAL_Delay                              0x08000a80   Section        0  stm32f1xx_hal.o(i.HAL_Delay)
    i.HAL_GPIO_Init                          0x08000a98   Section        0  stm32f1xx_hal_gpio.o(i.HAL_GPIO_Init)
    i.HAL_GPIO_TogglePin                     0x08000c54   Section        0  stm32f1xx_hal_gpio.o(i.HAL_GPIO_TogglePin)
    i.HAL_GPIO_WritePin                      0x08000c5c   Section        0  stm32f1xx_hal_gpio.o(i.HAL_GPIO_WritePin)
    i.HAL_GetTick                            0x08000c68   Section        0  stm32f1xx_hal.o(i.HAL_GetTick)
    i.HAL_I2C_Init                           0x08000c74   Section        0  stm32f1xx_hal_i2c.o(i.HAL_I2C_Init)
    i.HAL_I2C_Mem_Read                       0x08000d54   Section        0  stm32f1xx_hal_i2c.o(i.HAL_I2C_Mem_Read)
    i.HAL_I2C_Mem_Write                      0x08000f2c   Section        0  stm32f1xx_hal_i2c.o(i.HAL_I2C_Mem_Write)
    i.HAL_I2C_MspInit                        0x08001024   Section        0  stm32f1xx_hal_msp.o(i.HAL_I2C_MspInit)
    i.HAL_IncTick                            0x08001078   Section        0  stm32f1xx_hal.o(i.HAL_IncTick)
    i.HAL_Init                               0x08001088   Section        0  stm32f1xx_hal.o(i.HAL_Init)
    i.HAL_InitTick                           0x080010ac   Section        0  stm32f1xx_hal.o(i.HAL_InitTick)
    i.HAL_MspInit                            0x080010d0   Section        0  stm32f1xx_hal_msp.o(i.HAL_MspInit)
    i.HAL_NVIC_EnableIRQ                     0x0800113c   Section        0  stm32f1xx_hal_cortex.o(i.HAL_NVIC_EnableIRQ)
    i.HAL_NVIC_SetPriority                   0x08001154   Section        0  stm32f1xx_hal_cortex.o(i.HAL_NVIC_SetPriority)
    i.HAL_NVIC_SetPriorityGrouping           0x08001194   Section        0  stm32f1xx_hal_cortex.o(i.HAL_NVIC_SetPriorityGrouping)
    i.HAL_RCC_ClockConfig                    0x080011b8   Section        0  stm32f1xx_hal_rcc.o(i.HAL_RCC_ClockConfig)
    i.HAL_RCC_GetHCLKFreq                    0x08001440   Section        0  stm32f1xx_hal_rcc.o(i.HAL_RCC_GetHCLKFreq)
    i.HAL_RCC_GetPCLK1Freq                   0x08001474   Section        0  stm32f1xx_hal_rcc.o(i.HAL_RCC_GetPCLK1Freq)
    i.HAL_RCC_GetPCLK2Freq                   0x080014a0   Section        0  stm32f1xx_hal_rcc.o(i.HAL_RCC_GetPCLK2Freq)
    i.HAL_RCC_GetSysClockFreq                0x080014cc   Section        0  stm32f1xx_hal_rcc.o(i.HAL_RCC_GetSysClockFreq)
    i.HAL_RCC_OscConfig                      0x08001554   Section        0  stm32f1xx_hal_rcc.o(i.HAL_RCC_OscConfig)
    i.HAL_SPI_Init                           0x08001b88   Section        0  stm32f1xx_hal_spi_ex.o(i.HAL_SPI_Init)
    i.HAL_SPI_MspInit                        0x08001c10   Section        0  stm32f1xx_hal_msp.o(i.HAL_SPI_MspInit)
    i.HAL_SYSTICK_CLKSourceConfig            0x08001c68   Section        0  stm32f1xx_hal_cortex.o(i.HAL_SYSTICK_CLKSourceConfig)
    i.HAL_SYSTICK_Callback                   0x08001c80   Section        0  stm32f1xx_hal_cortex.o(i.HAL_SYSTICK_Callback)
    i.HAL_SYSTICK_Config                     0x08001c82   Section        0  stm32f1xx_hal_cortex.o(i.HAL_SYSTICK_Config)
    i.HAL_SYSTICK_IRQHandler                 0x08001caa   Section        0  stm32f1xx_hal_cortex.o(i.HAL_SYSTICK_IRQHandler)
    i.HAL_TIMEx_BreakCallback                0x08001cb2   Section        0  stm32f1xx_hal_tim_ex.o(i.HAL_TIMEx_BreakCallback)
    i.HAL_TIMEx_CommutationCallback          0x08001cb4   Section        0  stm32f1xx_hal_tim_ex.o(i.HAL_TIMEx_CommutationCallback)
    i.HAL_TIMEx_MasterConfigSynchronization  0x08001cb6   Section        0  stm32f1xx_hal_tim_ex.o(i.HAL_TIMEx_MasterConfigSynchronization)
    i.HAL_TIM_Base_Init                      0x08001d06   Section        0  stm32f1xx_hal_tim.o(i.HAL_TIM_Base_Init)
    i.HAL_TIM_Base_MspInit                   0x08001d3c   Section        0  stm32f1xx_hal_msp.o(i.HAL_TIM_Base_MspInit)
    i.HAL_TIM_Base_Start_IT                  0x08001d78   Section        0  stm32f1xx_hal_tim.o(i.HAL_TIM_Base_Start_IT)
    i.HAL_TIM_ConfigClockSource              0x08001d90   Section        0  stm32f1xx_hal_tim.o(i.HAL_TIM_ConfigClockSource)
    i.HAL_TIM_IC_CaptureCallback             0x08001e82   Section        0  stm32f1xx_hal_tim.o(i.HAL_TIM_IC_CaptureCallback)
    i.HAL_TIM_IRQHandler                     0x08001e84   Section        0  stm32f1xx_hal_tim.o(i.HAL_TIM_IRQHandler)
    i.HAL_TIM_OC_DelayElapsedCallback        0x08001fea   Section        0  stm32f1xx_hal_tim.o(i.HAL_TIM_OC_DelayElapsedCallback)
    i.HAL_TIM_PWM_PulseFinishedCallback      0x08001fec   Section        0  stm32f1xx_hal_tim.o(i.HAL_TIM_PWM_PulseFinishedCallback)
    i.HAL_TIM_PeriodElapsedCallback          0x08001ff0   Section        0  main.o(i.HAL_TIM_PeriodElapsedCallback)
    i.HAL_TIM_TriggerCallback                0x08002020   Section        0  stm32f1xx_hal_tim.o(i.HAL_TIM_TriggerCallback)
    i.HAL_UART_ErrorCallback                 0x08002022   Section        0  stm32f1xx_hal_uart.o(i.HAL_UART_ErrorCallback)
    i.HAL_UART_IRQHandler                    0x08002024   Section        0  stm32f1xx_hal_uart.o(i.HAL_UART_IRQHandler)
    i.HAL_UART_Init                          0x080020fe   Section        0  stm32f1xx_hal_uart.o(i.HAL_UART_Init)
    i.HAL_UART_MspInit                       0x0800215c   Section        0  stm32f1xx_hal_msp.o(i.HAL_UART_MspInit)
    i.HAL_UART_Receive_IT                    0x0800220c   Section        0  stm32f1xx_hal_uart.o(i.HAL_UART_Receive_IT)
    i.HAL_UART_RxCpltCallback                0x08002278   Section        0  main.o(i.HAL_UART_RxCpltCallback)
    i.HAL_UART_Transmit                      0x08002430   Section        0  stm32f1xx_hal_uart.o(i.HAL_UART_Transmit)
    i.HAL_UART_TxCpltCallback                0x080024fc   Section        0  stm32f1xx_hal_uart.o(i.HAL_UART_TxCpltCallback)
    i.HardFault_Handler                      0x080024fe   Section        0  stm32f1xx_it.o(i.HardFault_Handler)
    i.I2C_IsAcknowledgeFailed                0x08002500   Section        0  stm32f1xx_hal_i2c.o(i.I2C_IsAcknowledgeFailed)
    I2C_IsAcknowledgeFailed                  0x08002501   Thumb Code    42  stm32f1xx_hal_i2c.o(i.I2C_IsAcknowledgeFailed)
    i.I2C_RequestMemoryRead                  0x0800252a   Section        0  stm32f1xx_hal_i2c.o(i.I2C_RequestMemoryRead)
    I2C_RequestMemoryRead                    0x0800252b   Thumb Code   226  stm32f1xx_hal_i2c.o(i.I2C_RequestMemoryRead)
    i.I2C_RequestMemoryWrite                 0x0800260c   Section        0  stm32f1xx_hal_i2c.o(i.I2C_RequestMemoryWrite)
    I2C_RequestMemoryWrite                   0x0800260d   Thumb Code   146  stm32f1xx_hal_i2c.o(i.I2C_RequestMemoryWrite)
    i.I2C_WaitOnFlagUntilTimeout             0x080026a4   Section        0  stm32f1xx_hal_i2c.o(i.I2C_WaitOnFlagUntilTimeout)
    I2C_WaitOnFlagUntilTimeout               0x080026a5   Thumb Code   138  stm32f1xx_hal_i2c.o(i.I2C_WaitOnFlagUntilTimeout)
    i.I2C_WaitOnMasterAddressFlagUntilTimeout 0x0800272e   Section        0  stm32f1xx_hal_i2c.o(i.I2C_WaitOnMasterAddressFlagUntilTimeout)
    I2C_WaitOnMasterAddressFlagUntilTimeout  0x0800272f   Thumb Code   136  stm32f1xx_hal_i2c.o(i.I2C_WaitOnMasterAddressFlagUntilTimeout)
    i.I2C_WaitOnRXNEFlagUntilTimeout         0x080027b6   Section        0  stm32f1xx_hal_i2c.o(i.I2C_WaitOnRXNEFlagUntilTimeout)
    I2C_WaitOnRXNEFlagUntilTimeout           0x080027b7   Thumb Code   102  stm32f1xx_hal_i2c.o(i.I2C_WaitOnRXNEFlagUntilTimeout)
    i.I2C_WaitOnTXEFlagUntilTimeout          0x0800281c   Section        0  stm32f1xx_hal_i2c.o(i.I2C_WaitOnTXEFlagUntilTimeout)
    I2C_WaitOnTXEFlagUntilTimeout            0x0800281d   Thumb Code    80  stm32f1xx_hal_i2c.o(i.I2C_WaitOnTXEFlagUntilTimeout)
    i.MX_GPIO_Init                           0x0800286c   Section        0  main.o(i.MX_GPIO_Init)
    MX_GPIO_Init                             0x0800286d   Thumb Code   144  main.o(i.MX_GPIO_Init)
    i.MX_SPI1_Init                           0x08002908   Section        0  main.o(i.MX_SPI1_Init)
    MX_SPI1_Init                             0x08002909   Thumb Code    44  main.o(i.MX_SPI1_Init)
    i.MemManage_Handler                      0x0800293c   Section        0  stm32f1xx_it.o(i.MemManage_Handler)
    i.NMI_Handler                            0x0800293e   Section        0  stm32f1xx_it.o(i.NMI_Handler)
    i.NVIC_SetPriority                       0x08002940   Section        0  stm32f1xx_hal_cortex.o(i.NVIC_SetPriority)
    NVIC_SetPriority                         0x08002941   Thumb Code    32  stm32f1xx_hal_cortex.o(i.NVIC_SetPriority)
    i.READ_SENSORS                           0x08002960   Section        0  main.o(i.READ_SENSORS)
    i.RESPONSE_DATA                          0x08002a2c   Section        0  main.o(i.RESPONSE_DATA)
    i.SDS011_SET_UART                        0x08002abc   Section        0  sds011.o(i.SDS011_SET_UART)
    i.SDS011_SLEEP                           0x08002ae0   Section        0  sds011.o(i.SDS011_SLEEP)
    i.SDS011_USER_READ                       0x08002b0c   Section        0  main.o(i.SDS011_USER_READ)
    i.SDS011_WAKEUP                          0x08002b74   Section        0  sds011.o(i.SDS011_WAKEUP)
    i.SysTick_Handler                        0x08002ba0   Section        0  stm32f1xx_it.o(i.SysTick_Handler)
    i.SystemClock_Config                     0x08002bae   Section        0  main.o(i.SystemClock_Config)
    i.SystemInit                             0x08002c08   Section        0  system_stm32f1xx.o(i.SystemInit)
    i.TIM3_IRQHandler                        0x08002c50   Section        0  stm32f1xx_it.o(i.TIM3_IRQHandler)
    i.TIM_Base_SetConfig                     0x08002c5c   Section        0  stm32f1xx_hal_tim.o(i.TIM_Base_SetConfig)
    i.TIM_ETR_SetConfig                      0x08002cc0   Section        0  stm32f1xx_hal_tim.o(i.TIM_ETR_SetConfig)
    TIM_ETR_SetConfig                        0x08002cc1   Thumb Code    20  stm32f1xx_hal_tim.o(i.TIM_ETR_SetConfig)
    i.TIM_ITRx_SetConfig                     0x08002cd4   Section        0  stm32f1xx_hal_tim.o(i.TIM_ITRx_SetConfig)
    TIM_ITRx_SetConfig                       0x08002cd5   Thumb Code    16  stm32f1xx_hal_tim.o(i.TIM_ITRx_SetConfig)
    i.TIM_TI1_ConfigInputStage               0x08002ce4   Section        0  stm32f1xx_hal_tim.o(i.TIM_TI1_ConfigInputStage)
    TIM_TI1_ConfigInputStage                 0x08002ce5   Thumb Code    34  stm32f1xx_hal_tim.o(i.TIM_TI1_ConfigInputStage)
    i.TIM_TI2_ConfigInputStage               0x08002d06   Section        0  stm32f1xx_hal_tim.o(i.TIM_TI2_ConfigInputStage)
    TIM_TI2_ConfigInputStage                 0x08002d07   Thumb Code    36  stm32f1xx_hal_tim.o(i.TIM_TI2_ConfigInputStage)
    i.UART_Receive_IT                        0x08002d2c   Section        0  stm32f1xx_hal_uart.o(i.UART_Receive_IT)
    UART_Receive_IT                          0x08002d2d   Thumb Code   168  stm32f1xx_hal_uart.o(i.UART_Receive_IT)
    i.UART_SetConfig                         0x08002dd4   Section        0  stm32f1xx_hal_uart.o(i.UART_SetConfig)
    UART_SetConfig                           0x08002dd5   Thumb Code   220  stm32f1xx_hal_uart.o(i.UART_SetConfig)
    i.UART_Transmit_IT                       0x08002eb4   Section        0  stm32f1xx_hal_uart.o(i.UART_Transmit_IT)
    UART_Transmit_IT                         0x08002eb5   Thumb Code   102  stm32f1xx_hal_uart.o(i.UART_Transmit_IT)
    i.UART_WaitOnFlagUntilTimeout            0x08002f1a   Section        0  stm32f1xx_hal_uart.o(i.UART_WaitOnFlagUntilTimeout)
    UART_WaitOnFlagUntilTimeout              0x08002f1b   Thumb Code   146  stm32f1xx_hal_uart.o(i.UART_WaitOnFlagUntilTimeout)
    i.USART1_IRQHandler                      0x08002fac   Section        0  stm32f1xx_it.o(i.USART1_IRQHandler)
    i.USART2_IRQHandler                      0x08002fb8   Section        0  stm32f1xx_it.o(i.USART2_IRQHandler)
    i.USER_DELAY                             0x08002fc4   Section        0  main.o(i.USER_DELAY)
    i.USER_READ                              0x08002fc8   Section        0  main.o(i.USER_READ)
    i.USER_ROUND                             0x08002ff0   Section        0  main.o(i.USER_ROUND)
    i.USER_WRITE                             0x0800301c   Section        0  main.o(i.USER_WRITE)
    i.UsageFault_Handler                     0x08003044   Section        0  stm32f1xx_it.o(i.UsageFault_Handler)
    i.__0printf                              0x08003048   Section        0  printfa.o(i.__0printf)
    i.__0sprintf                             0x08003068   Section        0  printfa.o(i.__0sprintf)
    i.__scatterload_copy                     0x08003090   Section       14  handlers.o(i.__scatterload_copy)
    i.__scatterload_null                     0x0800309e   Section        2  handlers.o(i.__scatterload_null)
    i.__scatterload_zeroinit                 0x080030a0   Section       14  handlers.o(i.__scatterload_zeroinit)
    i._fp_digits                             0x080030b0   Section        0  printfa.o(i._fp_digits)
    _fp_digits                               0x080030b1   Thumb Code   334  printfa.o(i._fp_digits)
    i._printf_core                           0x08003214   Section        0  printfa.o(i._printf_core)
    _printf_core                             0x08003215   Thumb Code  1744  printfa.o(i._printf_core)
    i._printf_post_padding                   0x080038f0   Section        0  printfa.o(i._printf_post_padding)
    _printf_post_padding                     0x080038f1   Thumb Code    36  printfa.o(i._printf_post_padding)
    i._printf_pre_padding                    0x08003914   Section        0  printfa.o(i._printf_pre_padding)
    _printf_pre_padding                      0x08003915   Thumb Code    46  printfa.o(i._printf_pre_padding)
    i._sputc                                 0x08003942   Section        0  printfa.o(i._sputc)
    _sputc                                   0x08003943   Thumb Code    10  printfa.o(i._sputc)
    i.are_settings_changed                   0x0800394c   Section        0  bme280.o(i.are_settings_changed)
    are_settings_changed                     0x0800394d   Thumb Code    12  bme280.o(i.are_settings_changed)
    i.bme280_cal_meas_delay                  0x08003958   Section        0  bme280.o(i.bme280_cal_meas_delay)
    i.bme280_compensate_data                 0x080039b0   Section        0  bme280.o(i.bme280_compensate_data)
    i.bme280_get_regs                        0x08003a12   Section        0  bme280.o(i.bme280_get_regs)
    i.bme280_get_sensor_data                 0x08003a4a   Section        0  bme280.o(i.bme280_get_sensor_data)
    i.bme280_get_sensor_mode                 0x08003a9a   Section        0  bme280.o(i.bme280_get_sensor_mode)
    i.bme280_init                            0x08003ac0   Section        0  bme280.o(i.bme280_init)
    i.bme280_parse_sensor_data               0x08003b16   Section        0  bme280.o(i.bme280_parse_sensor_data)
    i.bme280_set_regs                        0x08003b48   Section        0  bme280.o(i.bme280_set_regs)
    i.bme280_set_sensor_mode                 0x08003bde   Section        0  bme280.o(i.bme280_set_sensor_mode)
    i.bme280_set_sensor_settings             0x08003c38   Section        0  bme280.o(i.bme280_set_sensor_settings)
    i.bme280_soft_reset                      0x08003c9a   Section        0  bme280.o(i.bme280_soft_reset)
    i.compensate_humidity                    0x08003d00   Section        0  bme280.o(i.compensate_humidity)
    compensate_humidity                      0x08003d01   Thumb Code   328  bme280.o(i.compensate_humidity)
    i.compensate_pressure                    0x08003e54   Section        0  bme280.o(i.compensate_pressure)
    compensate_pressure                      0x08003e55   Thumb Code   512  bme280.o(i.compensate_pressure)
    i.compensate_temperature                 0x0800406c   Section        0  bme280.o(i.compensate_temperature)
    compensate_temperature                   0x0800406d   Thumb Code   252  bme280.o(i.compensate_temperature)
    i.fputc                                  0x08004174   Section        0  main.o(i.fputc)
    i.get_calib_data                         0x0800418c   Section        0  bme280.o(i.get_calib_data)
    get_calib_data                           0x0800418d   Thumb Code   190  bme280.o(i.get_calib_data)
    i.main                                   0x0800424c   Section        0  main.o(i.main)
    i.null_ptr_check                         0x08004414   Section        0  bme280.o(i.null_ptr_check)
    null_ptr_check                           0x08004415   Thumb Code    24  bme280.o(i.null_ptr_check)
    i.parse_device_settings                  0x0800442c   Section        0  bme280.o(i.parse_device_settings)
    parse_device_settings                    0x0800442d   Thumb Code    38  bme280.o(i.parse_device_settings)
    i.put_device_to_sleep                    0x08004452   Section        0  bme280.o(i.put_device_to_sleep)
    put_device_to_sleep                      0x08004453   Thumb Code    66  bme280.o(i.put_device_to_sleep)
    i.set_filter_standby_settings            0x08004494   Section        0  bme280.o(i.set_filter_standby_settings)
    set_filter_standby_settings              0x08004495   Thumb Code    78  bme280.o(i.set_filter_standby_settings)
    i.set_osr_settings                       0x080044e2   Section        0  bme280.o(i.set_osr_settings)
    set_osr_settings                         0x080044e3   Thumb Code   152  bme280.o(i.set_osr_settings)
    .constdata                               0x0800457a   Section       16  stm32f1xx_hal_rcc.o(.constdata)
    .data                                    0x20000000   Section        4  system_stm32f1xx.o(.data)
    .data                                    0x20000004   Section       52  main.o(.data)
    .data                                    0x20000038   Section       38  sds011.o(.data)
    SLEEPCMD                                 0x20000038   Data          19  sds011.o(.data)
    WAKEUPCMD                                0x2000004b   Data          19  sds011.o(.data)
    .data                                    0x2000005e   Section        1  stm32f1xx_hal_spi_ex.o(.data)
    .data                                    0x20000060   Section        4  stm32f1xx_hal.o(.data)
    uwTick                                   0x20000060   Data           4  stm32f1xx_hal.o(.data)
    .data                                    0x20000064   Section        4  stdout.o(.data)
    .bss                                     0x20000068   Section      954  main.o(.bss)
    .bss                                     0x20000424   Section       64  sds011.o(.bss)
    STACK                                    0x20000468   Section     1024  startup_stm32f103xb.o(STACK)

    Global Symbols

    Symbol Name                              Value     Ov Type        Size  Object(Section)

    BuildAttributes$$THM_ISAv4$P$D$K$B$S$PE$A:L22UL41UL21$X:L11$S22US41US21$IEEE1$IW$USESV6$~STKCKD$USESV7$~SHL$OTIME$ROPI$EBA8$MICROLIB$REQ8$PRES8$EABIv2 0x00000000   Number         0  anon$$obj.o ABSOLUTE
    __ARM_use_no_argv                        0x00000000   Number         0  main.o ABSOLUTE
    _printf_a                                0x00000000   Number         0  stubs.o ABSOLUTE
    _printf_c                                0x00000000   Number         0  stubs.o ABSOLUTE
    _printf_charcount                        0x00000000   Number         0  stubs.o ABSOLUTE
    _printf_d                                0x00000000   Number         0  stubs.o ABSOLUTE
    _printf_e                                0x00000000   Number         0  stubs.o ABSOLUTE
    _printf_f                                0x00000000   Number         0  stubs.o ABSOLUTE
    _printf_flags                            0x00000000   Number         0  stubs.o ABSOLUTE
    _printf_fp_dec                           0x00000000   Number         0  stubs.o ABSOLUTE
    _printf_fp_hex                           0x00000000   Number         0  stubs.o ABSOLUTE
    _printf_g                                0x00000000   Number         0  stubs.o ABSOLUTE
    _printf_i                                0x00000000   Number         0  stubs.o ABSOLUTE
    _printf_int_dec                          0x00000000   Number         0  stubs.o ABSOLUTE
    _printf_l                                0x00000000   Number         0  stubs.o ABSOLUTE
    _printf_lc                               0x00000000   Number         0  stubs.o ABSOLUTE
    _printf_ll                               0x00000000   Number         0  stubs.o ABSOLUTE
    _printf_lld                              0x00000000   Number         0  stubs.o ABSOLUTE
    _printf_lli                              0x00000000   Number         0  stubs.o ABSOLUTE
    _printf_llo                              0x00000000   Number         0  stubs.o ABSOLUTE
    _printf_llu                              0x00000000   Number         0  stubs.o ABSOLUTE
    _printf_llx                              0x00000000   Number         0  stubs.o ABSOLUTE
    _printf_longlong_dec                     0x00000000   Number         0  stubs.o ABSOLUTE
    _printf_longlong_hex                     0x00000000   Number         0  stubs.o ABSOLUTE
    _printf_longlong_oct                     0x00000000   Number         0  stubs.o ABSOLUTE
    _printf_ls                               0x00000000   Number         0  stubs.o ABSOLUTE
    _printf_mbtowc                           0x00000000   Number         0  stubs.o ABSOLUTE
    _printf_n                                0x00000000   Number         0  stubs.o ABSOLUTE
    _printf_o                                0x00000000   Number         0  stubs.o ABSOLUTE
    _printf_p                                0x00000000   Number         0  stubs.o ABSOLUTE
    _printf_percent                          0x00000000   Number         0  stubs.o ABSOLUTE
    _printf_pre_padding                      0x00000000   Number         0  stubs.o ABSOLUTE
    _printf_return_value                     0x00000000   Number         0  stubs.o ABSOLUTE
    _printf_s                                0x00000000   Number         0  stubs.o ABSOLUTE
    _printf_sizespec                         0x00000000   Number         0  stubs.o ABSOLUTE
    _printf_str                              0x00000000   Number         0  stubs.o ABSOLUTE
    _printf_truncate_signed                  0x00000000   Number         0  stubs.o ABSOLUTE
    _printf_truncate_unsigned                0x00000000   Number         0  stubs.o ABSOLUTE
    _printf_u                                0x00000000   Number         0  stubs.o ABSOLUTE
    _printf_wc                               0x00000000   Number         0  stubs.o ABSOLUTE
    _printf_wctomb                           0x00000000   Number         0  stubs.o ABSOLUTE
    _printf_widthprec                        0x00000000   Number         0  stubs.o ABSOLUTE
    _printf_x                                0x00000000   Number         0  stubs.o ABSOLUTE
    __cpp_initialize__aeabi_                  - Undefined Weak Reference
    __cxa_finalize                            - Undefined Weak Reference
    __decompress                              - Undefined Weak Reference
    _clock_init                               - Undefined Weak Reference
    _microlib_exit                            - Undefined Weak Reference
    __Vectors_Size                           0x000000ec   Number         0  startup_stm32f103xb.o ABSOLUTE
    __Vectors                                0x08000000   Data           4  startup_stm32f103xb.o(RESET)
    __Vectors_End                            0x080000ec   Data           0  startup_stm32f103xb.o(RESET)
    __main                                   0x080000ed   Thumb Code     0  entry.o(.ARM.Collect$$$$00000000)
    _main_stk                                0x080000ed   Thumb Code     0  entry2.o(.ARM.Collect$$$$00000001)
    _main_scatterload                        0x080000f1   Thumb Code     0  entry5.o(.ARM.Collect$$$$00000004)
    __main_after_scatterload                 0x080000f5   Thumb Code     0  entry5.o(.ARM.Collect$$$$00000004)
    _main_clock                              0x080000f5   Thumb Code     0  entry7b.o(.ARM.Collect$$$$00000008)
    _main_cpp_init                           0x080000f5   Thumb Code     0  entry8b.o(.ARM.Collect$$$$0000000A)
    _main_init                               0x080000f5   Thumb Code     0  entry9a.o(.ARM.Collect$$$$0000000B)
    __rt_final_cpp                           0x080000fd   Thumb Code     0  entry10a.o(.ARM.Collect$$$$0000000D)
    __rt_final_exit                          0x080000fd   Thumb Code     0  entry11a.o(.ARM.Collect$$$$0000000F)
    Reset_Handler                            0x08000101   Thumb Code     8  startup_stm32f103xb.o(.text)
    SVC_Handler                              0x08000113   Thumb Code     2  startup_stm32f103xb.o(.text)
    PendSV_Handler                           0x08000117   Thumb Code     2  startup_stm32f103xb.o(.text)
    ADC1_2_IRQHandler                        0x0800011b   Thumb Code     0  startup_stm32f103xb.o(.text)
    CAN1_RX1_IRQHandler                      0x0800011b   Thumb Code     0  startup_stm32f103xb.o(.text)
    CAN1_SCE_IRQHandler                      0x0800011b   Thumb Code     0  startup_stm32f103xb.o(.text)
    DMA1_Channel1_IRQHandler                 0x0800011b   Thumb Code     0  startup_stm32f103xb.o(.text)
    DMA1_Channel2_IRQHandler                 0x0800011b   Thumb Code     0  startup_stm32f103xb.o(.text)
    DMA1_Channel3_IRQHandler                 0x0800011b   Thumb Code     0  startup_stm32f103xb.o(.text)
    DMA1_Channel4_IRQHandler                 0x0800011b   Thumb Code     0  startup_stm32f103xb.o(.text)
    DMA1_Channel5_IRQHandler                 0x0800011b   Thumb Code     0  startup_stm32f103xb.o(.text)
    DMA1_Channel6_IRQHandler                 0x0800011b   Thumb Code     0  startup_stm32f103xb.o(.text)
    DMA1_Channel7_IRQHandler                 0x0800011b   Thumb Code     0  startup_stm32f103xb.o(.text)
    EXTI0_IRQHandler                         0x0800011b   Thumb Code     0  startup_stm32f103xb.o(.text)
    EXTI15_10_IRQHandler                     0x0800011b   Thumb Code     0  startup_stm32f103xb.o(.text)
    EXTI1_IRQHandler                         0x0800011b   Thumb Code     0  startup_stm32f103xb.o(.text)
    EXTI2_IRQHandler                         0x0800011b   Thumb Code     0  startup_stm32f103xb.o(.text)
    EXTI3_IRQHandler                         0x0800011b   Thumb Code     0  startup_stm32f103xb.o(.text)
    EXTI4_IRQHandler                         0x0800011b   Thumb Code     0  startup_stm32f103xb.o(.text)
    EXTI9_5_IRQHandler                       0x0800011b   Thumb Code     0  startup_stm32f103xb.o(.text)
    FLASH_IRQHandler                         0x0800011b   Thumb Code     0  startup_stm32f103xb.o(.text)
    I2C1_ER_IRQHandler                       0x0800011b   Thumb Code     0  startup_stm32f103xb.o(.text)
    I2C1_EV_IRQHandler                       0x0800011b   Thumb Code     0  startup_stm32f103xb.o(.text)
    I2C2_ER_IRQHandler                       0x0800011b   Thumb Code     0  startup_stm32f103xb.o(.text)
    I2C2_EV_IRQHandler                       0x0800011b   Thumb Code     0  startup_stm32f103xb.o(.text)
    PVD_IRQHandler                           0x0800011b   Thumb Code     0  startup_stm32f103xb.o(.text)
    RCC_IRQHandler                           0x0800011b   Thumb Code     0  startup_stm32f103xb.o(.text)
    RTC_Alarm_IRQHandler                     0x0800011b   Thumb Code     0  startup_stm32f103xb.o(.text)
    RTC_IRQHandler                           0x0800011b   Thumb Code     0  startup_stm32f103xb.o(.text)
    SPI1_IRQHandler                          0x0800011b   Thumb Code     0  startup_stm32f103xb.o(.text)
    SPI2_IRQHandler                          0x0800011b   Thumb Code     0  startup_stm32f103xb.o(.text)
    TAMPER_IRQHandler                        0x0800011b   Thumb Code     0  startup_stm32f103xb.o(.text)
    TIM1_BRK_IRQHandler                      0x0800011b   Thumb Code     0  startup_stm32f103xb.o(.text)
    TIM1_CC_IRQHandler                       0x0800011b   Thumb Code     0  startup_stm32f103xb.o(.text)
    TIM1_TRG_COM_IRQHandler                  0x0800011b   Thumb Code     0  startup_stm32f103xb.o(.text)
    TIM1_UP_IRQHandler                       0x0800011b   Thumb Code     0  startup_stm32f103xb.o(.text)
    TIM2_IRQHandler                          0x0800011b   Thumb Code     0  startup_stm32f103xb.o(.text)
    TIM4_IRQHandler                          0x0800011b   Thumb Code     0  startup_stm32f103xb.o(.text)
    USART3_IRQHandler                        0x0800011b   Thumb Code     0  startup_stm32f103xb.o(.text)
    USBWakeUp_IRQHandler                     0x0800011b   Thumb Code     0  startup_stm32f103xb.o(.text)
    USB_HP_CAN1_TX_IRQHandler                0x0800011b   Thumb Code     0  startup_stm32f103xb.o(.text)
    USB_LP_CAN1_RX0_IRQHandler               0x0800011b   Thumb Code     0  startup_stm32f103xb.o(.text)
    WWDG_IRQHandler                          0x0800011b   Thumb Code     0  startup_stm32f103xb.o(.text)
    __aeabi_llsr                             0x08000125   Thumb Code    32  llushr.o(.text)
    _ll_ushift_r                             0x08000125   Thumb Code     0  llushr.o(.text)
    __aeabi_memcpy                           0x08000145   Thumb Code    36  memcpya.o(.text)
    __aeabi_memcpy4                          0x08000145   Thumb Code     0  memcpya.o(.text)
    __aeabi_memcpy8                          0x08000145   Thumb Code     0  memcpya.o(.text)
    __aeabi_memset                           0x08000169   Thumb Code    14  memseta.o(.text)
    __aeabi_memset4                          0x08000169   Thumb Code     0  memseta.o(.text)
    __aeabi_memset8                          0x08000169   Thumb Code     0  memseta.o(.text)
    __aeabi_memclr                           0x08000177   Thumb Code     4  memseta.o(.text)
    __aeabi_memclr4                          0x08000177   Thumb Code     0  memseta.o(.text)
    __aeabi_memclr8                          0x08000177   Thumb Code     0  memseta.o(.text)
    _memset$wrapper                          0x0800017b   Thumb Code    18  memseta.o(.text)
    strcat                                   0x0800018d   Thumb Code    24  strcat.o(.text)
    __aeabi_fadd                             0x080001a5   Thumb Code   164  fadd.o(.text)
    __aeabi_fsub                             0x08000249   Thumb Code     6  fadd.o(.text)
    __aeabi_frsub                            0x0800024f   Thumb Code     6  fadd.o(.text)
    __aeabi_fdiv                             0x08000255   Thumb Code   124  fdiv.o(.text)
    __aeabi_dadd                             0x080002d1   Thumb Code   322  dadd.o(.text)
    __aeabi_dsub                             0x08000413   Thumb Code     6  dadd.o(.text)
    __aeabi_drsub                            0x08000419   Thumb Code     6  dadd.o(.text)
    __aeabi_dmul                             0x0800041f   Thumb Code   228  dmul.o(.text)
    __aeabi_ddiv                             0x08000503   Thumb Code   222  ddiv.o(.text)
    __ARM_scalbn                             0x080005e1   Thumb Code    46  dscalb.o(.text)
    scalbn                                   0x080005e1   Thumb Code     0  dscalb.o(.text)
    __aeabi_i2f                              0x0800060f   Thumb Code    18  fflti.o(.text)
    __aeabi_ui2f                             0x08000621   Thumb Code    10  ffltui.o(.text)
    __aeabi_i2d                              0x0800062b   Thumb Code    34  dflti.o(.text)
    __aeabi_ui2d                             0x0800064d   Thumb Code    26  dfltui.o(.text)
    __aeabi_f2iz                             0x08000667   Thumb Code    50  ffixi.o(.text)
    __aeabi_d2iz                             0x08000699   Thumb Code    62  dfixi.o(.text)
    __aeabi_cdcmpeq                          0x080006d9   Thumb Code     0  cdcmple.o(.text)
    __aeabi_cdcmple                          0x080006d9   Thumb Code    38  cdcmple.o(.text)
    __aeabi_cdrcmple                         0x08000701   Thumb Code    38  cdrcmple.o(.text)
    __aeabi_d2f                              0x08000729   Thumb Code    56  d2f.o(.text)
    __aeabi_uidiv                            0x08000761   Thumb Code     0  uidiv.o(.text)
    __aeabi_uidivmod                         0x08000761   Thumb Code    44  uidiv.o(.text)
    __aeabi_uldivmod                         0x0800078d   Thumb Code    98  uldiv.o(.text)
    __aeabi_llsl                             0x080007ef   Thumb Code    30  llshl.o(.text)
    _ll_shift_l                              0x080007ef   Thumb Code     0  llshl.o(.text)
    __aeabi_lasr                             0x0800080d   Thumb Code    36  llsshr.o(.text)
    _ll_sshift_r                             0x0800080d   Thumb Code     0  llsshr.o(.text)
    __I$use$fp                               0x08000831   Thumb Code     0  iusefp.o(.text)
    _float_round                             0x08000831   Thumb Code    18  fepilogue.o(.text)
    _float_epilogue                          0x08000843   Thumb Code    92  fepilogue.o(.text)
    _double_round                            0x0800089f   Thumb Code    26  depilogue.o(.text)
    _double_epilogue                         0x080008b9   Thumb Code   156  depilogue.o(.text)
    __aeabi_d2ulz                            0x08000955   Thumb Code    48  dfixul.o(.text)
    __scatterload                            0x08000985   Thumb Code    28  init.o(.text)
    __scatterload_rt2                        0x08000985   Thumb Code     0  init.o(.text)
    BME280_READ_DATA                         0x080009a9   Thumb Code    10  main.o(i.BME280_READ_DATA)
    BME280_SETTING_FORCE_MODE                0x080009b3   Thumb Code    54  main.o(i.BME280_SETTING_FORCE_MODE)
    BME280_UINIT                             0x080009e9   Thumb Code    24  main.o(i.BME280_UINIT)
    BusFault_Handler                         0x08000a0d   Thumb Code     2  stm32f1xx_it.o(i.BusFault_Handler)
    DebugMon_Handler                         0x08000a0f   Thumb Code     2  stm32f1xx_it.o(i.DebugMon_Handler)
    ESP_RESET                                0x08000a11   Thumb Code    38  main.o(i.ESP_RESET)
    FLAG_UPDATE_STATUS                       0x08000a3d   Thumb Code    58  main.o(i.FLAG_UPDATE_STATUS)
    HAL_Delay                                0x08000a81   Thumb Code    22  stm32f1xx_hal.o(i.HAL_Delay)
    HAL_GPIO_Init                            0x08000a99   Thumb Code   408  stm32f1xx_hal_gpio.o(i.HAL_GPIO_Init)
    HAL_GPIO_TogglePin                       0x08000c55   Thumb Code     8  stm32f1xx_hal_gpio.o(i.HAL_GPIO_TogglePin)
    HAL_GPIO_WritePin                        0x08000c5d   Thumb Code    10  stm32f1xx_hal_gpio.o(i.HAL_GPIO_WritePin)
    HAL_GetTick                              0x08000c69   Thumb Code     6  stm32f1xx_hal.o(i.HAL_GetTick)
    HAL_I2C_Init                             0x08000c75   Thumb Code   216  stm32f1xx_hal_i2c.o(i.HAL_I2C_Init)
    HAL_I2C_Mem_Read                         0x08000d55   Thumb Code   462  stm32f1xx_hal_i2c.o(i.HAL_I2C_Mem_Read)
    HAL_I2C_Mem_Write                        0x08000f2d   Thumb Code   242  stm32f1xx_hal_i2c.o(i.HAL_I2C_Mem_Write)
    HAL_I2C_MspInit                          0x08001025   Thumb Code    66  stm32f1xx_hal_msp.o(i.HAL_I2C_MspInit)
    HAL_IncTick                              0x08001079   Thumb Code    10  stm32f1xx_hal.o(i.HAL_IncTick)
    HAL_Init                                 0x08001089   Thumb Code    32  stm32f1xx_hal.o(i.HAL_Init)
    HAL_InitTick                             0x080010ad   Thumb Code    34  stm32f1xx_hal.o(i.HAL_InitTick)
    HAL_MspInit                              0x080010d1   Thumb Code    98  stm32f1xx_hal_msp.o(i.HAL_MspInit)
    HAL_NVIC_EnableIRQ                       0x0800113d   Thumb Code    22  stm32f1xx_hal_cortex.o(i.HAL_NVIC_EnableIRQ)
    HAL_NVIC_SetPriority                     0x08001155   Thumb Code    60  stm32f1xx_hal_cortex.o(i.HAL_NVIC_SetPriority)
    HAL_NVIC_SetPriorityGrouping             0x08001195   Thumb Code    26  stm32f1xx_hal_cortex.o(i.HAL_NVIC_SetPriorityGrouping)
    HAL_RCC_ClockConfig                      0x080011b9   Thumb Code   638  stm32f1xx_hal_rcc.o(i.HAL_RCC_ClockConfig)
    HAL_RCC_GetHCLKFreq                      0x08001441   Thumb Code    38  stm32f1xx_hal_rcc.o(i.HAL_RCC_GetHCLKFreq)
    HAL_RCC_GetPCLK1Freq                     0x08001475   Thumb Code    36  stm32f1xx_hal_rcc.o(i.HAL_RCC_GetPCLK1Freq)
    HAL_RCC_GetPCLK2Freq                     0x080014a1   Thumb Code    36  stm32f1xx_hal_rcc.o(i.HAL_RCC_GetPCLK2Freq)
    HAL_RCC_GetSysClockFreq                  0x080014cd   Thumb Code   102  stm32f1xx_hal_rcc.o(i.HAL_RCC_GetSysClockFreq)
    HAL_RCC_OscConfig                        0x08001555   Thumb Code  1586  stm32f1xx_hal_rcc.o(i.HAL_RCC_OscConfig)
    HAL_SPI_Init                             0x08001b89   Thumb Code   132  stm32f1xx_hal_spi_ex.o(i.HAL_SPI_Init)
    HAL_SPI_MspInit                          0x08001c11   Thumb Code    74  stm32f1xx_hal_msp.o(i.HAL_SPI_MspInit)
    HAL_SYSTICK_CLKSourceConfig              0x08001c69   Thumb Code    24  stm32f1xx_hal_cortex.o(i.HAL_SYSTICK_CLKSourceConfig)
    HAL_SYSTICK_Callback                     0x08001c81   Thumb Code     2  stm32f1xx_hal_cortex.o(i.HAL_SYSTICK_Callback)
    HAL_SYSTICK_Config                       0x08001c83   Thumb Code    40  stm32f1xx_hal_cortex.o(i.HAL_SYSTICK_Config)
    HAL_SYSTICK_IRQHandler                   0x08001cab   Thumb Code     8  stm32f1xx_hal_cortex.o(i.HAL_SYSTICK_IRQHandler)
    HAL_TIMEx_BreakCallback                  0x08001cb3   Thumb Code     2  stm32f1xx_hal_tim_ex.o(i.HAL_TIMEx_BreakCallback)
    HAL_TIMEx_CommutationCallback            0x08001cb5   Thumb Code     2  stm32f1xx_hal_tim_ex.o(i.HAL_TIMEx_CommutationCallback)
    HAL_TIMEx_MasterConfigSynchronization    0x08001cb7   Thumb Code    80  stm32f1xx_hal_tim_ex.o(i.HAL_TIMEx_MasterConfigSynchronization)
    HAL_TIM_Base_Init                        0x08001d07   Thumb Code    54  stm32f1xx_hal_tim.o(i.HAL_TIM_Base_Init)
    HAL_TIM_Base_MspInit                     0x08001d3d   Thumb Code    50  stm32f1xx_hal_msp.o(i.HAL_TIM_Base_MspInit)
    HAL_TIM_Base_Start_IT                    0x08001d79   Thumb Code    24  stm32f1xx_hal_tim.o(i.HAL_TIM_Base_Start_IT)
    HAL_TIM_ConfigClockSource                0x08001d91   Thumb Code   242  stm32f1xx_hal_tim.o(i.HAL_TIM_ConfigClockSource)
    HAL_TIM_IC_CaptureCallback               0x08001e83   Thumb Code     2  stm32f1xx_hal_tim.o(i.HAL_TIM_IC_CaptureCallback)
    HAL_TIM_IRQHandler                       0x08001e85   Thumb Code   358  stm32f1xx_hal_tim.o(i.HAL_TIM_IRQHandler)
    HAL_TIM_OC_DelayElapsedCallback          0x08001feb   Thumb Code     2  stm32f1xx_hal_tim.o(i.HAL_TIM_OC_DelayElapsedCallback)
    HAL_TIM_PWM_PulseFinishedCallback        0x08001fed   Thumb Code     2  stm32f1xx_hal_tim.o(i.HAL_TIM_PWM_PulseFinishedCallback)
    HAL_TIM_PeriodElapsedCallback            0x08001ff1   Thumb Code    44  main.o(i.HAL_TIM_PeriodElapsedCallback)
    HAL_TIM_TriggerCallback                  0x08002021   Thumb Code     2  stm32f1xx_hal_tim.o(i.HAL_TIM_TriggerCallback)
    HAL_UART_ErrorCallback                   0x08002023   Thumb Code     2  stm32f1xx_hal_uart.o(i.HAL_UART_ErrorCallback)
    HAL_UART_IRQHandler                      0x08002025   Thumb Code   218  stm32f1xx_hal_uart.o(i.HAL_UART_IRQHandler)
    HAL_UART_Init                            0x080020ff   Thumb Code    94  stm32f1xx_hal_uart.o(i.HAL_UART_Init)
    HAL_UART_MspInit                         0x0800215d   Thumb Code   158  stm32f1xx_hal_msp.o(i.HAL_UART_MspInit)
    HAL_UART_Receive_IT                      0x0800220d   Thumb Code   106  stm32f1xx_hal_uart.o(i.HAL_UART_Receive_IT)
    HAL_UART_RxCpltCallback                  0x08002279   Thumb Code   420  main.o(i.HAL_UART_RxCpltCallback)
    HAL_UART_Transmit                        0x08002431   Thumb Code   204  stm32f1xx_hal_uart.o(i.HAL_UART_Transmit)
    HAL_UART_TxCpltCallback                  0x080024fd   Thumb Code     2  stm32f1xx_hal_uart.o(i.HAL_UART_TxCpltCallback)
    HardFault_Handler                        0x080024ff   Thumb Code     2  stm32f1xx_it.o(i.HardFault_Handler)
    MemManage_Handler                        0x0800293d   Thumb Code     2  stm32f1xx_it.o(i.MemManage_Handler)
    NMI_Handler                              0x0800293f   Thumb Code     2  stm32f1xx_it.o(i.NMI_Handler)
    READ_SENSORS                             0x08002961   Thumb Code   194  main.o(i.READ_SENSORS)
    RESPONSE_DATA                            0x08002a2d   Thumb Code   114  main.o(i.RESPONSE_DATA)
    SDS011_SET_UART                          0x08002abd   Thumb Code    30  sds011.o(i.SDS011_SET_UART)
    SDS011_SLEEP                             0x08002ae1   Thumb Code    34  sds011.o(i.SDS011_SLEEP)
    SDS011_USER_READ                         0x08002b0d   Thumb Code    96  main.o(i.SDS011_USER_READ)
    SDS011_WAKEUP                            0x08002b75   Thumb Code    34  sds011.o(i.SDS011_WAKEUP)
    SysTick_Handler                          0x08002ba1   Thumb Code    14  stm32f1xx_it.o(i.SysTick_Handler)
    SystemClock_Config                       0x08002baf   Thumb Code    90  main.o(i.SystemClock_Config)
    SystemInit                               0x08002c09   Thumb Code    56  system_stm32f1xx.o(i.SystemInit)
    TIM3_IRQHandler                          0x08002c51   Thumb Code     6  stm32f1xx_it.o(i.TIM3_IRQHandler)
    TIM_Base_SetConfig                       0x08002c5d   Thumb Code    86  stm32f1xx_hal_tim.o(i.TIM_Base_SetConfig)
    USART1_IRQHandler                        0x08002fad   Thumb Code     6  stm32f1xx_it.o(i.USART1_IRQHandler)
    USART2_IRQHandler                        0x08002fb9   Thumb Code     6  stm32f1xx_it.o(i.USART2_IRQHandler)
    USER_DELAY                               0x08002fc5   Thumb Code     4  main.o(i.USER_DELAY)
    USER_READ                                0x08002fc9   Thumb Code    34  main.o(i.USER_READ)
    USER_ROUND                               0x08002ff1   Thumb Code    42  main.o(i.USER_ROUND)
    USER_WRITE                               0x0800301d   Thumb Code    34  main.o(i.USER_WRITE)
    UsageFault_Handler                       0x08003045   Thumb Code     2  stm32f1xx_it.o(i.UsageFault_Handler)
    __0printf                                0x08003049   Thumb Code    22  printfa.o(i.__0printf)
    __1printf                                0x08003049   Thumb Code     0  printfa.o(i.__0printf)
    __2printf                                0x08003049   Thumb Code     0  printfa.o(i.__0printf)
    __c89printf                              0x08003049   Thumb Code     0  printfa.o(i.__0printf)
    printf                                   0x08003049   Thumb Code     0  printfa.o(i.__0printf)
    __0sprintf                               0x08003069   Thumb Code    34  printfa.o(i.__0sprintf)
    __1sprintf                               0x08003069   Thumb Code     0  printfa.o(i.__0sprintf)
    __2sprintf                               0x08003069   Thumb Code     0  printfa.o(i.__0sprintf)
    __c89sprintf                             0x08003069   Thumb Code     0  printfa.o(i.__0sprintf)
    sprintf                                  0x08003069   Thumb Code     0  printfa.o(i.__0sprintf)
    __scatterload_copy                       0x08003091   Thumb Code    14  handlers.o(i.__scatterload_copy)
    __scatterload_null                       0x0800309f   Thumb Code     2  handlers.o(i.__scatterload_null)
    __scatterload_zeroinit                   0x080030a1   Thumb Code    14  handlers.o(i.__scatterload_zeroinit)
    bme280_cal_meas_delay                    0x08003959   Thumb Code    80  bme280.o(i.bme280_cal_meas_delay)
    bme280_compensate_data                   0x080039b1   Thumb Code    98  bme280.o(i.bme280_compensate_data)
    bme280_get_regs                          0x08003a13   Thumb Code    56  bme280.o(i.bme280_get_regs)
    bme280_get_sensor_data                   0x08003a4b   Thumb Code    80  bme280.o(i.bme280_get_sensor_data)
    bme280_get_sensor_mode                   0x08003a9b   Thumb Code    38  bme280.o(i.bme280_get_sensor_mode)
    bme280_init                              0x08003ac1   Thumb Code    86  bme280.o(i.bme280_init)
    bme280_parse_sensor_data                 0x08003b17   Thumb Code    50  bme280.o(i.bme280_parse_sensor_data)
    bme280_set_regs                          0x08003b49   Thumb Code   150  bme280.o(i.bme280_set_regs)
    bme280_set_sensor_mode                   0x08003bdf   Thumb Code    90  bme280.o(i.bme280_set_sensor_mode)
    bme280_set_sensor_settings               0x08003c39   Thumb Code    98  bme280.o(i.bme280_set_sensor_settings)
    bme280_soft_reset                        0x08003c9b   Thumb Code   100  bme280.o(i.bme280_soft_reset)
    fputc                                    0x08004175   Thumb Code    18  main.o(i.fputc)
    main                                     0x0800424d   Thumb Code   410  main.o(i.main)
    aAPBAHBPrescTable                        0x0800457a   Data          16  stm32f1xx_hal_rcc.o(.constdata)
    Region$$Table$$Base                      0x0800458c   Number         0  anon$$obj.o(Region$$Table)
    Region$$Table$$Limit                     0x080045ac   Number         0  anon$$obj.o(Region$$Table)
    SystemCoreClock                          0x20000000   Data           4  system_stm32f1xx.o(.data)
    ib                                       0x20000004   Data           1  main.o(.data)
    CNT_Measure                              0x20000005   Data           1  main.o(.data)
    COMMAND_ID                               0x20000006   Data           1  main.o(.data)
    index1                                   0x20000007   Data           1  main.o(.data)
    index2                                   0x20000008   Data           1  main.o(.data)
    ESP_BUSY                                 0x20000009   Data           1  main.o(.data)
    ESP_ISCONNECTED                          0x2000000a   Data           1  main.o(.data)
    FLAG_SDS                                 0x2000000b   Data           1  main.o(.data)
    FLAG_RTC                                 0x2000000c   Data           1  main.o(.data)
    FLAG_SENSORS_READ                        0x2000000d   Data           1  main.o(.data)
    FLAG_REQUEST_DATA_STM                    0x2000000e   Data           1  main.o(.data)
    FLAG_ACTIVE_SENSORS                      0x2000000f   Data           1  main.o(.data)
    checksumFlag                             0x20000010   Data           1  main.o(.data)
    Rx_DataReg1                              0x20000011   Data           1  main.o(.data)
    Rx_DataReg2                              0x20000012   Data           1  main.o(.data)
    checksum                                 0x20000014   Data           2  main.o(.data)
    countloop                                0x20000018   Data           4  main.o(.data)
    pm25                                     0x2000001c   Data           4  main.o(.data)
    pm10                                     0x20000020   Data           4  main.o(.data)
    req_time                                 0x20000024   Data           4  main.o(.data)
    TIME_UNIT                                0x20000028   Data          16  main.o(.data)
    uCRCErrorWorkaroundCheck                 0x2000005e   Data           1  stm32f1xx_hal_spi_ex.o(.data)
    __stdout                                 0x20000064   Data           4  stdout.o(.data)
    counter                                  0x20000068   Data          40  main.o(.bss)
    hcnt                                     0x20000090   Data          10  main.o(.bss)
    hi2c1                                    0x2000009c   Data          60  main.o(.bss)
    hspi1                                    0x200000d8   Data          88  main.o(.bss)
    htim3                                    0x20000130   Data          60  main.o(.bss)
    huart1                                   0x2000016c   Data          64  main.o(.bss)
    huart2                                   0x200001ac   Data          64  main.o(.bss)
    hua                                      0x200001ec   Data          64  main.o(.bss)
    dev                                      0x2000022c   Data          64  main.o(.bss)
    cdata                                    0x20000270   Data          24  main.o(.bss)
    buffer1                                  0x20000288   Data         100  main.o(.bss)
    buffer2                                  0x200002ec   Data         100  main.o(.bss)
    message1                                 0x20000350   Data         100  main.o(.bss)
    rtc_data                                 0x200003b4   Data         100  main.o(.bss)
    sds_data                                 0x20000418   Data          10  main.o(.bss)
    uartSDS                                  0x20000424   Data          64  sds011.o(.bss)
    __initial_sp                             0x20000868   Data           0  startup_stm32f103xb.o(STACK)



==============================================================================

Memory Map of the image

  Image Entry point : 0x080000ed

  Load Region LR_IROM1 (Base: 0x08000000, Size: 0x00004614, Max: 0x00010000, ABSOLUTE)

    Execution Region ER_IROM1 (Base: 0x08000000, Size: 0x000045ac, Max: 0x00010000, ABSOLUTE)

    Base Addr    Size         Type   Attr      Idx    E Section Name        Object

    0x08000000   0x000000ec   Data   RO          126    RESET               startup_stm32f103xb.o
    0x080000ec   0x00000000   Code   RO         3251  * .ARM.Collect$$$$00000000  mc_w.l(entry.o)
    0x080000ec   0x00000004   Code   RO         3559    .ARM.Collect$$$$00000001  mc_w.l(entry2.o)
    0x080000f0   0x00000004   Code   RO         3562    .ARM.Collect$$$$00000004  mc_w.l(entry5.o)
    0x080000f4   0x00000000   Code   RO         3564    .ARM.Collect$$$$00000008  mc_w.l(entry7b.o)
    0x080000f4   0x00000000   Code   RO         3566    .ARM.Collect$$$$0000000A  mc_w.l(entry8b.o)
    0x080000f4   0x00000008   Code   RO         3567    .ARM.Collect$$$$0000000B  mc_w.l(entry9a.o)
    0x080000fc   0x00000000   Code   RO         3569    .ARM.Collect$$$$0000000D  mc_w.l(entry10a.o)
    0x080000fc   0x00000000   Code   RO         3571    .ARM.Collect$$$$0000000F  mc_w.l(entry11a.o)
    0x080000fc   0x00000004   Code   RO         3560    .ARM.Collect$$$$00002712  mc_w.l(entry2.o)
    0x08000100   0x00000024   Code   RO          127    .text               startup_stm32f103xb.o
    0x08000124   0x00000020   Code   RO         3254    .text               mc_w.l(llushr.o)
    0x08000144   0x00000024   Code   RO         3256    .text               mc_w.l(memcpya.o)
    0x08000168   0x00000024   Code   RO         3258    .text               mc_w.l(memseta.o)
    0x0800018c   0x00000018   Code   RO         3260    .text               mc_w.l(strcat.o)
    0x080001a4   0x000000b0   Code   RO         3525    .text               mf_w.l(fadd.o)
    0x08000254   0x0000007c   Code   RO         3529    .text               mf_w.l(fdiv.o)
    0x080002d0   0x0000014e   Code   RO         3531    .text               mf_w.l(dadd.o)
    0x0800041e   0x000000e4   Code   RO         3533    .text               mf_w.l(dmul.o)
    0x08000502   0x000000de   Code   RO         3535    .text               mf_w.l(ddiv.o)
    0x080005e0   0x0000002e   Code   RO         3537    .text               mf_w.l(dscalb.o)
    0x0800060e   0x00000012   Code   RO         3539    .text               mf_w.l(fflti.o)
    0x08000620   0x0000000a   Code   RO         3541    .text               mf_w.l(ffltui.o)
    0x0800062a   0x00000022   Code   RO         3543    .text               mf_w.l(dflti.o)
    0x0800064c   0x0000001a   Code   RO         3545    .text               mf_w.l(dfltui.o)
    0x08000666   0x00000032   Code   RO         3547    .text               mf_w.l(ffixi.o)
    0x08000698   0x0000003e   Code   RO         3551    .text               mf_w.l(dfixi.o)
    0x080006d6   0x00000002   PAD
    0x080006d8   0x00000028   Code   RO         3553    .text               mf_w.l(cdcmple.o)
    0x08000700   0x00000028   Code   RO         3555    .text               mf_w.l(cdrcmple.o)
    0x08000728   0x00000038   Code   RO         3557    .text               mf_w.l(d2f.o)
    0x08000760   0x0000002c   Code   RO         3574    .text               mc_w.l(uidiv.o)
    0x0800078c   0x00000062   Code   RO         3576    .text               mc_w.l(uldiv.o)
    0x080007ee   0x0000001e   Code   RO         3578    .text               mc_w.l(llshl.o)
    0x0800080c   0x00000024   Code   RO         3580    .text               mc_w.l(llsshr.o)
    0x08000830   0x00000000   Code   RO         3582    .text               mc_w.l(iusefp.o)
    0x08000830   0x0000006e   Code   RO         3583    .text               mf_w.l(fepilogue.o)
    0x0800089e   0x000000b6   Code   RO         3585    .text               mf_w.l(depilogue.o)
    0x08000954   0x00000030   Code   RO         3587    .text               mf_w.l(dfixul.o)
    0x08000984   0x00000024   Code   RO         3589    .text               mc_w.l(init.o)
    0x080009a8   0x0000000a   Code   RO          210    i.BME280_READ_DATA  main.o
    0x080009b2   0x00000036   Code   RO          212    i.BME280_SETTING_FORCE_MODE  main.o
    0x080009e8   0x00000024   Code   RO          213    i.BME280_UINIT      main.o
    0x08000a0c   0x00000002   Code   RO          442    i.BusFault_Handler  stm32f1xx_it.o
    0x08000a0e   0x00000002   Code   RO          443    i.DebugMon_Handler  stm32f1xx_it.o
    0x08000a10   0x0000002c   Code   RO          216    i.ESP_RESET         main.o
    0x08000a3c   0x00000044   Code   RO          218    i.FLAG_UPDATE_STATUS  main.o
    0x08000a80   0x00000016   Code   RO         2703    i.HAL_Delay         stm32f1xx_hal.o
    0x08000a96   0x00000002   PAD
    0x08000a98   0x000001bc   Code   RO         3070    i.HAL_GPIO_Init     stm32f1xx_hal_gpio.o
    0x08000c54   0x00000008   Code   RO         3073    i.HAL_GPIO_TogglePin  stm32f1xx_hal_gpio.o
    0x08000c5c   0x0000000a   Code   RO         3074    i.HAL_GPIO_WritePin  stm32f1xx_hal_gpio.o
    0x08000c66   0x00000002   PAD
    0x08000c68   0x0000000c   Code   RO         2707    i.HAL_GetTick       stm32f1xx_hal.o
    0x08000c74   0x000000e0   Code   RO         1157    i.HAL_I2C_Init      stm32f1xx_hal_i2c.o
    0x08000d54   0x000001d8   Code   RO         1169    i.HAL_I2C_Mem_Read  stm32f1xx_hal_i2c.o
    0x08000f2c   0x000000f8   Code   RO         1172    i.HAL_I2C_Mem_Write  stm32f1xx_hal_i2c.o
    0x08001024   0x00000054   Code   RO          135    i.HAL_I2C_MspInit   stm32f1xx_hal_msp.o
    0x08001078   0x00000010   Code   RO         2708    i.HAL_IncTick       stm32f1xx_hal.o
    0x08001088   0x00000024   Code   RO         2709    i.HAL_Init          stm32f1xx_hal.o
    0x080010ac   0x00000022   Code   RO         2710    i.HAL_InitTick      stm32f1xx_hal.o
    0x080010ce   0x00000002   PAD
    0x080010d0   0x0000006c   Code   RO          136    i.HAL_MspInit       stm32f1xx_hal_msp.o
    0x0800113c   0x00000016   Code   RO         1470    i.HAL_NVIC_EnableIRQ  stm32f1xx_hal_cortex.o
    0x08001152   0x00000002   PAD
    0x08001154   0x00000040   Code   RO         1476    i.HAL_NVIC_SetPriority  stm32f1xx_hal_cortex.o
    0x08001194   0x00000024   Code   RO         1477    i.HAL_NVIC_SetPriorityGrouping  stm32f1xx_hal_cortex.o
    0x080011b8   0x00000288   Code   RO          711    i.HAL_RCC_ClockConfig  stm32f1xx_hal_rcc.o
    0x08001440   0x00000034   Code   RO          716    i.HAL_RCC_GetHCLKFreq  stm32f1xx_hal_rcc.o
    0x08001474   0x0000002c   Code   RO          718    i.HAL_RCC_GetPCLK1Freq  stm32f1xx_hal_rcc.o
    0x080014a0   0x0000002c   Code   RO          719    i.HAL_RCC_GetPCLK2Freq  stm32f1xx_hal_rcc.o
    0x080014cc   0x00000088   Code   RO          720    i.HAL_RCC_GetSysClockFreq  stm32f1xx_hal_rcc.o
    0x08001554   0x00000632   Code   RO          723    i.HAL_RCC_OscConfig  stm32f1xx_hal_rcc.o
    0x08001b86   0x00000002   PAD
    0x08001b88   0x00000088   Code   RO         2663    i.HAL_SPI_Init      stm32f1xx_hal_spi_ex.o
    0x08001c10   0x00000058   Code   RO          138    i.HAL_SPI_MspInit   stm32f1xx_hal_msp.o
    0x08001c68   0x00000018   Code   RO         1479    i.HAL_SYSTICK_CLKSourceConfig  stm32f1xx_hal_cortex.o
    0x08001c80   0x00000002   Code   RO         1480    i.HAL_SYSTICK_Callback  stm32f1xx_hal_cortex.o
    0x08001c82   0x00000028   Code   RO         1481    i.HAL_SYSTICK_Config  stm32f1xx_hal_cortex.o
    0x08001caa   0x00000008   Code   RO         1482    i.HAL_SYSTICK_IRQHandler  stm32f1xx_hal_cortex.o
    0x08001cb2   0x00000002   Code   RO          918    i.HAL_TIMEx_BreakCallback  stm32f1xx_hal_tim_ex.o
    0x08001cb4   0x00000002   Code   RO          919    i.HAL_TIMEx_CommutationCallback  stm32f1xx_hal_tim_ex.o
    0x08001cb6   0x00000050   Code   RO          935    i.HAL_TIMEx_MasterConfigSynchronization  stm32f1xx_hal_tim_ex.o
    0x08001d06   0x00000036   Code   RO         1712    i.HAL_TIM_Base_Init  stm32f1xx_hal_tim.o
    0x08001d3c   0x0000003c   Code   RO          140    i.HAL_TIM_Base_MspInit  stm32f1xx_hal_msp.o
    0x08001d78   0x00000018   Code   RO         1717    i.HAL_TIM_Base_Start_IT  stm32f1xx_hal_tim.o
    0x08001d90   0x000000f2   Code   RO         1721    i.HAL_TIM_ConfigClockSource  stm32f1xx_hal_tim.o
    0x08001e82   0x00000002   Code   RO         1741    i.HAL_TIM_IC_CaptureCallback  stm32f1xx_hal_tim.o
    0x08001e84   0x00000166   Code   RO         1754    i.HAL_TIM_IRQHandler  stm32f1xx_hal_tim.o
    0x08001fea   0x00000002   Code   RO         1757    i.HAL_TIM_OC_DelayElapsedCallback  stm32f1xx_hal_tim.o
    0x08001fec   0x00000002   Code   RO         1784    i.HAL_TIM_PWM_PulseFinishedCallback  stm32f1xx_hal_tim.o
    0x08001fee   0x00000002   PAD
    0x08001ff0   0x00000030   Code   RO          219    i.HAL_TIM_PeriodElapsedCallback  main.o
    0x08002020   0x00000002   Code   RO         1795    i.HAL_TIM_TriggerCallback  stm32f1xx_hal_tim.o
    0x08002022   0x00000002   Code   RO         2842    i.HAL_UART_ErrorCallback  stm32f1xx_hal_uart.o
    0x08002024   0x000000da   Code   RO         2845    i.HAL_UART_IRQHandler  stm32f1xx_hal_uart.o
    0x080020fe   0x0000005e   Code   RO         2846    i.HAL_UART_Init     stm32f1xx_hal_uart.o
    0x0800215c   0x000000b0   Code   RO          142    i.HAL_UART_MspInit  stm32f1xx_hal_msp.o
    0x0800220c   0x0000006a   Code   RO         2851    i.HAL_UART_Receive_IT  stm32f1xx_hal_uart.o
    0x08002276   0x00000002   PAD
    0x08002278   0x000001b8   Code   RO          220    i.HAL_UART_RxCpltCallback  main.o
    0x08002430   0x000000cc   Code   RO         2854    i.HAL_UART_Transmit  stm32f1xx_hal_uart.o
    0x080024fc   0x00000002   Code   RO         2857    i.HAL_UART_TxCpltCallback  stm32f1xx_hal_uart.o
    0x080024fe   0x00000002   Code   RO          444    i.HardFault_Handler  stm32f1xx_it.o
    0x08002500   0x0000002a   Code   RO         1192    i.I2C_IsAcknowledgeFailed  stm32f1xx_hal_i2c.o
    0x0800252a   0x000000e2   Code   RO         1197    i.I2C_RequestMemoryRead  stm32f1xx_hal_i2c.o
    0x0800260c   0x00000098   Code   RO         1198    i.I2C_RequestMemoryWrite  stm32f1xx_hal_i2c.o
    0x080026a4   0x0000008a   Code   RO         1199    i.I2C_WaitOnFlagUntilTimeout  stm32f1xx_hal_i2c.o
    0x0800272e   0x00000088   Code   RO         1200    i.I2C_WaitOnMasterAddressFlagUntilTimeout  stm32f1xx_hal_i2c.o
    0x080027b6   0x00000066   Code   RO         1201    i.I2C_WaitOnRXNEFlagUntilTimeout  stm32f1xx_hal_i2c.o
    0x0800281c   0x00000050   Code   RO         1203    i.I2C_WaitOnTXEFlagUntilTimeout  stm32f1xx_hal_i2c.o
    0x0800286c   0x0000009c   Code   RO          222    i.MX_GPIO_Init      main.o
    0x08002908   0x00000034   Code   RO          223    i.MX_SPI1_Init      main.o
    0x0800293c   0x00000002   Code   RO          445    i.MemManage_Handler  stm32f1xx_it.o
    0x0800293e   0x00000002   Code   RO          446    i.NMI_Handler       stm32f1xx_it.o
    0x08002940   0x00000020   Code   RO         1483    i.NVIC_SetPriority  stm32f1xx_hal_cortex.o
    0x08002960   0x000000cc   Code   RO          225    i.READ_SENSORS      main.o
    0x08002a2c   0x00000090   Code   RO          226    i.RESPONSE_DATA     main.o
    0x08002abc   0x00000024   Code   RO          662    i.SDS011_SET_UART   sds011.o
    0x08002ae0   0x0000002c   Code   RO          663    i.SDS011_SLEEP      sds011.o
    0x08002b0c   0x00000068   Code   RO          227    i.SDS011_USER_READ  main.o
    0x08002b74   0x0000002c   Code   RO          664    i.SDS011_WAKEUP     sds011.o
    0x08002ba0   0x0000000e   Code   RO          447    i.SysTick_Handler   stm32f1xx_it.o
    0x08002bae   0x0000005a   Code   RO          229    i.SystemClock_Config  main.o
    0x08002c08   0x00000048   Code   RO            5    i.SystemInit        system_stm32f1xx.o
    0x08002c50   0x0000000c   Code   RO          448    i.TIM3_IRQHandler   stm32f1xx_it.o
    0x08002c5c   0x00000064   Code   RO         1796    i.TIM_Base_SetConfig  stm32f1xx_hal_tim.o
    0x08002cc0   0x00000014   Code   RO         1803    i.TIM_ETR_SetConfig  stm32f1xx_hal_tim.o
    0x08002cd4   0x00000010   Code   RO         1804    i.TIM_ITRx_SetConfig  stm32f1xx_hal_tim.o
    0x08002ce4   0x00000022   Code   RO         1810    i.TIM_TI1_ConfigInputStage  stm32f1xx_hal_tim.o
    0x08002d06   0x00000024   Code   RO         1812    i.TIM_TI2_ConfigInputStage  stm32f1xx_hal_tim.o
    0x08002d2a   0x00000002   PAD
    0x08002d2c   0x000000a8   Code   RO         2864    i.UART_Receive_IT   stm32f1xx_hal_uart.o
    0x08002dd4   0x000000e0   Code   RO         2865    i.UART_SetConfig    stm32f1xx_hal_uart.o
    0x08002eb4   0x00000066   Code   RO         2866    i.UART_Transmit_IT  stm32f1xx_hal_uart.o
    0x08002f1a   0x00000092   Code   RO         2867    i.UART_WaitOnFlagUntilTimeout  stm32f1xx_hal_uart.o
    0x08002fac   0x0000000c   Code   RO          449    i.USART1_IRQHandler  stm32f1xx_it.o
    0x08002fb8   0x0000000c   Code   RO          450    i.USART2_IRQHandler  stm32f1xx_it.o
    0x08002fc4   0x00000004   Code   RO          231    i.USER_DELAY        main.o
    0x08002fc8   0x00000028   Code   RO          232    i.USER_READ         main.o
    0x08002ff0   0x0000002a   Code   RO          233    i.USER_ROUND        main.o
    0x0800301a   0x00000002   PAD
    0x0800301c   0x00000028   Code   RO          234    i.USER_WRITE        main.o
    0x08003044   0x00000002   Code   RO          451    i.UsageFault_Handler  stm32f1xx_it.o
    0x08003046   0x00000002   PAD
    0x08003048   0x00000020   Code   RO         3497    i.__0printf         mc_w.l(printfa.o)
    0x08003068   0x00000028   Code   RO         3499    i.__0sprintf        mc_w.l(printfa.o)
    0x08003090   0x0000000e   Code   RO         3593    i.__scatterload_copy  mc_w.l(handlers.o)
    0x0800309e   0x00000002   Code   RO         3594    i.__scatterload_null  mc_w.l(handlers.o)
    0x080030a0   0x0000000e   Code   RO         3595    i.__scatterload_zeroinit  mc_w.l(handlers.o)
    0x080030ae   0x00000002   PAD
    0x080030b0   0x00000164   Code   RO         3504    i._fp_digits        mc_w.l(printfa.o)
    0x08003214   0x000006dc   Code   RO         3505    i._printf_core      mc_w.l(printfa.o)
    0x080038f0   0x00000024   Code   RO         3506    i._printf_post_padding  mc_w.l(printfa.o)
    0x08003914   0x0000002e   Code   RO         3507    i._printf_pre_padding  mc_w.l(printfa.o)
    0x08003942   0x0000000a   Code   RO         3509    i._sputc            mc_w.l(printfa.o)
    0x0800394c   0x0000000c   Code   RO          521    i.are_settings_changed  bme280.o
    0x08003958   0x00000058   Code   RO          522    i.bme280_cal_meas_delay  bme280.o
    0x080039b0   0x00000062   Code   RO          523    i.bme280_compensate_data  bme280.o
    0x08003a12   0x00000038   Code   RO          524    i.bme280_get_regs   bme280.o
    0x08003a4a   0x00000050   Code   RO          525    i.bme280_get_sensor_data  bme280.o
    0x08003a9a   0x00000026   Code   RO          526    i.bme280_get_sensor_mode  bme280.o
    0x08003ac0   0x00000056   Code   RO          528    i.bme280_init       bme280.o
    0x08003b16   0x00000032   Code   RO          529    i.bme280_parse_sensor_data  bme280.o
    0x08003b48   0x00000096   Code   RO          530    i.bme280_set_regs   bme280.o
    0x08003bde   0x0000005a   Code   RO          531    i.bme280_set_sensor_mode  bme280.o
    0x08003c38   0x00000062   Code   RO          532    i.bme280_set_sensor_settings  bme280.o
    0x08003c9a   0x00000064   Code   RO          533    i.bme280_soft_reset  bme280.o
    0x08003cfe   0x00000002   PAD
    0x08003d00   0x00000154   Code   RO          534    i.compensate_humidity  bme280.o
    0x08003e54   0x00000218   Code   RO          535    i.compensate_pressure  bme280.o
    0x0800406c   0x00000108   Code   RO          536    i.compensate_temperature  bme280.o
    0x08004174   0x00000018   Code   RO          235    i.fputc             main.o
    0x0800418c   0x000000be   Code   RO          537    i.get_calib_data    bme280.o
    0x0800424a   0x00000002   PAD
    0x0800424c   0x000001c8   Code   RO          237    i.main              main.o
    0x08004414   0x00000018   Code   RO          538    i.null_ptr_check    bme280.o
    0x0800442c   0x00000026   Code   RO          539    i.parse_device_settings  bme280.o
    0x08004452   0x00000042   Code   RO          540    i.put_device_to_sleep  bme280.o
    0x08004494   0x0000004e   Code   RO          541    i.set_filter_standby_settings  bme280.o
    0x080044e2   0x00000098   Code   RO          542    i.set_osr_settings  bme280.o
    0x0800457a   0x00000010   Data   RO          724    .constdata          stm32f1xx_hal_rcc.o
    0x0800458a   0x00000002   PAD
    0x0800458c   0x00000020   Data   RO         3591    Region$$Table       anon$$obj.o


    Execution Region RW_IRAM1 (Base: 0x20000000, Size: 0x00000868, Max: 0x00005000, ABSOLUTE)

    Base Addr    Size         Type   Attr      Idx    E Section Name        Object

    0x20000000   0x00000004   Data   RW            7    .data               system_stm32f1xx.o
    0x20000004   0x00000034   Data   RW          247    .data               main.o
    0x20000038   0x00000026   Data   RW          666    .data               sds011.o
    0x2000005e   0x00000001   Data   RW         2665    .data               stm32f1xx_hal_spi_ex.o
    0x2000005f   0x00000001   PAD
    0x20000060   0x00000004   Data   RW         2715    .data               stm32f1xx_hal.o
    0x20000064   0x00000004   Data   RW         3573    .data               mc_w.l(stdout.o)
    0x20000068   0x000003ba   Zero   RW          240    .bss                main.o
    0x20000422   0x00000002   PAD
    0x20000424   0x00000040   Zero   RW          665    .bss                sds011.o
    0x20000464   0x00000004   PAD
    0x20000468   0x00000400   Zero   RW          124    STACK               startup_stm32f103xb.o


==============================================================================

Image component sizes


      Code (inc. data)   RO Data    RW Data    ZI Data      Debug   Object Name

      2634         56          0          0          0      19210   bme280.o
      2056        190          0         52        954      18297   main.o
       124         26          0         38         64       1875   sds011.o
        36          8        236          0       1024        748   startup_stm32f103xb.o
       120         16          0          4          0       3410   stm32f1xx_hal.o
       228         14          0          0          0      26809   stm32f1xx_hal_cortex.o
       462         36          0          0          0       3161   stm32f1xx_hal_gpio.o
      1820         30          0          0          0       9094   stm32f1xx_hal_i2c.o
       516         70          0          0          0       3244   stm32f1xx_hal_msp.o
      2510         86         16          0          0       5844   stm32f1xx_hal_rcc.o
       136          4          0          1          0       1262   stm32f1xx_hal_spi_ex.o
       892         14          0          0          0       8591   stm32f1xx_hal_tim.o
        84          0          0          0          0       2186   stm32f1xx_hal_tim_ex.o
      1266          4          0          0          0       7191   stm32f1xx_hal_uart.o
        62         18          0          0          0       4049   stm32f1xx_it.o
        72         16          0          4          0     268689   system_stm32f1xx.o

    ----------------------------------------------------------------------
     13042        588        286        100       2048     383660   Object Totals
         0          0         32          0          0          0   (incl. Generated)
        24          0          2          1          6          0   (incl. Padding)

    ----------------------------------------------------------------------

      Code (inc. data)   RO Data    RW Data    ZI Data      Debug   Library Member Name

         0          0          0          0          0          0   entry.o
         0          0          0          0          0          0   entry10a.o
         0          0          0          0          0          0   entry11a.o
         8          4          0          0          0          0   entry2.o
         4          0          0          0          0          0   entry5.o
         0          0          0          0          0          0   entry7b.o
         0          0          0          0          0          0   entry8b.o
         8          4          0          0          0          0   entry9a.o
        30          0          0          0          0          0   handlers.o
        36          8          0          0          0         68   init.o
         0          0          0          0          0          0   iusefp.o
        30          0          0          0          0         68   llshl.o
        36          0          0          0          0         68   llsshr.o
        32          0          0          0          0         68   llushr.o
        36          0          0          0          0         68   memcpya.o
        36          0          0          0          0        108   memseta.o
      2276         96          0          0          0        596   printfa.o
         0          0          0          4          0          0   stdout.o
        24          0          0          0          0         68   strcat.o
        44          0          0          0          0         80   uidiv.o
        98          0          0          0          0         92   uldiv.o
        40          2          0          0          0         68   cdcmple.o
        40          2          0          0          0         68   cdrcmple.o
        56          0          0          0          0         88   d2f.o
       334          0          0          0          0        148   dadd.o
       222          0          0          0          0        100   ddiv.o
       182          0          0          0          0        176   depilogue.o
        62          0          0          0          0         80   dfixi.o
        48          0          0          0          0         68   dfixul.o
        34          0          0          0          0         76   dflti.o
        26          0          0          0          0         76   dfltui.o
       228          0          0          0          0         96   dmul.o
        46          0          0          0          0         80   dscalb.o
       176          0          0          0          0        140   fadd.o
       124          0          0          0          0         88   fdiv.o
       110          0          0          0          0        168   fepilogue.o
        50          0          0          0          0         68   ffixi.o
        18          0          0          0          0         68   fflti.o
        10          0          0          0          0         68   ffltui.o

    ----------------------------------------------------------------------
      4508        116          0          4          0       3008   Library Totals
         4          0          0          0          0          0   (incl. Padding)

    ----------------------------------------------------------------------

      Code (inc. data)   RO Data    RW Data    ZI Data      Debug   Library Name

      2698        112          0          4          0       1284   mc_w.l
      1806          4          0          0          0       1724   mf_w.l

    ----------------------------------------------------------------------
      4508        116          0          4          0       3008   Library Totals

    ----------------------------------------------------------------------

==============================================================================


      Code (inc. data)   RO Data    RW Data    ZI Data      Debug   

     17550        704        286        104       2048     379124   Grand Totals
     17550        704        286        104       2048     379124   ELF Image Totals
     17550        704        286        104          0          0   ROM Totals

==============================================================================

    Total RO  Size (Code + RO Data)                17836 (  17.42kB)
    Total RW  Size (RW Data + ZI Data)              2152 (   2.10kB)
    Total ROM Size (Code + RO Data + RW Data)      17940 (  17.52kB)

==============================================================================

